<testsuites id="" name="" tests="175" failures="175" skipped="0" errors="0" time="120.852734">
<testsuite name="Forms.test.ts" timestamp="2025-07-17T12:25:54.326Z" hostname="chromium" tests="7" failures="7" skipped="0" time="0.034" errors="0">
<testcase name="Form Performance › form components load efficiently" classname="Forms.test.ts" time="0.008">
<failure message="Forms.test.ts:8:3 form components load efficiently" type="FAILURE">
<![CDATA[  [chromium] › Forms.test.ts:8:3 › Form Performance › form components load efficiently ─────────────

    Error: browserType.launch: Executable doesn't exist at /Users/tarunrama/Library/Caches/ms-playwright/chromium_headless_shell-1179/chrome-mac/headless_shell
    ╔═════════════════════════════════════════════════════════════════════════╗
    ║ Looks like Playwright Test or Playwright was just installed or updated. ║
    ║ Please run the following command to download new browsers:              ║
    ║                                                                         ║
    ║     npx playwright install                                              ║
    ║                                                                         ║
    ║ <3 Playwright Team                                                      ║
    ╚═════════════════════════════════════════════════════════════════════════╝
]]>
</failure>
</testcase>
<testcase name="Form Performance › input validation is responsive" classname="Forms.test.ts" time="0.005">
<failure message="Forms.test.ts:23:3 input validation is responsive" type="FAILURE">
<![CDATA[  [chromium] › Forms.test.ts:23:3 › Form Performance › input validation is responsive ──────────────

    Error: browserType.launch: Executable doesn't exist at /Users/tarunrama/Library/Caches/ms-playwright/chromium_headless_shell-1179/chrome-mac/headless_shell
    ╔═════════════════════════════════════════════════════════════════════════╗
    ║ Looks like Playwright Test or Playwright was just installed or updated. ║
    ║ Please run the following command to download new browsers:              ║
    ║                                                                         ║
    ║     npx playwright install                                              ║
    ║                                                                         ║
    ║ <3 Playwright Team                                                      ║
    ╚═════════════════════════════════════════════════════════════════════════╝
]]>
</failure>
</testcase>
<testcase name="Form Performance › form submission is non-blocking" classname="Forms.test.ts" time="0.004">
<failure message="Forms.test.ts:41:3 form submission is non-blocking" type="FAILURE">
<![CDATA[  [chromium] › Forms.test.ts:41:3 › Form Performance › form submission is non-blocking ─────────────

    Error: browserType.launch: Executable doesn't exist at /Users/tarunrama/Library/Caches/ms-playwright/chromium_headless_shell-1179/chrome-mac/headless_shell
    ╔═════════════════════════════════════════════════════════════════════════╗
    ║ Looks like Playwright Test or Playwright was just installed or updated. ║
    ║ Please run the following command to download new browsers:              ║
    ║                                                                         ║
    ║     npx playwright install                                              ║
    ║                                                                         ║
    ║ <3 Playwright Team                                                      ║
    ╚═════════════════════════════════════════════════════════════════════════╝
]]>
</failure>
</testcase>
<testcase name="Form Performance › form controls are responsive" classname="Forms.test.ts" time="0.005">
<failure message="Forms.test.ts:72:3 form controls are responsive" type="FAILURE">
<![CDATA[  [chromium] › Forms.test.ts:72:3 › Form Performance › form controls are responsive ────────────────

    Error: browserType.launch: Executable doesn't exist at /Users/tarunrama/Library/Caches/ms-playwright/chromium_headless_shell-1179/chrome-mac/headless_shell
    ╔═════════════════════════════════════════════════════════════════════════╗
    ║ Looks like Playwright Test or Playwright was just installed or updated. ║
    ║ Please run the following command to download new browsers:              ║
    ║                                                                         ║
    ║     npx playwright install                                              ║
    ║                                                                         ║
    ║ <3 Playwright Team                                                      ║
    ╚═════════════════════════════════════════════════════════════════════════╝
]]>
</failure>
</testcase>
<testcase name="Form Performance › form reset is immediate" classname="Forms.test.ts" time="0.006">
<failure message="Forms.test.ts:97:3 form reset is immediate" type="FAILURE">
<![CDATA[  [chromium] › Forms.test.ts:97:3 › Form Performance › form reset is immediate ─────────────────────

    Error: browserType.launch: Executable doesn't exist at /Users/tarunrama/Library/Caches/ms-playwright/chromium_headless_shell-1179/chrome-mac/headless_shell
    ╔═════════════════════════════════════════════════════════════════════════╗
    ║ Looks like Playwright Test or Playwright was just installed or updated. ║
    ║ Please run the following command to download new browsers:              ║
    ║                                                                         ║
    ║     npx playwright install                                              ║
    ║                                                                         ║
    ║ <3 Playwright Team                                                      ║
    ╚═════════════════════════════════════════════════════════════════════════╝
]]>
</failure>
</testcase>
<testcase name="Form Performance › form validation handles rapid input" classname="Forms.test.ts" time="0.003">
<failure message="Forms.test.ts:116:3 form validation handles rapid input" type="FAILURE">
<![CDATA[  [chromium] › Forms.test.ts:116:3 › Form Performance › form validation handles rapid input ────────

    Error: browserType.launch: Executable doesn't exist at /Users/tarunrama/Library/Caches/ms-playwright/chromium_headless_shell-1179/chrome-mac/headless_shell
    ╔═════════════════════════════════════════════════════════════════════════╗
    ║ Looks like Playwright Test or Playwright was just installed or updated. ║
    ║ Please run the following command to download new browsers:              ║
    ║                                                                         ║
    ║     npx playwright install                                              ║
    ║                                                                         ║
    ║ <3 Playwright Team                                                      ║
    ╚═════════════════════════════════════════════════════════════════════════╝
]]>
</failure>
</testcase>
<testcase name="Form Performance › form handles large datasets efficiently" classname="Forms.test.ts" time="0.003">
<failure message="Forms.test.ts:134:3 form handles large datasets efficiently" type="FAILURE">
<![CDATA[  [chromium] › Forms.test.ts:134:3 › Form Performance › form handles large datasets efficiently ────

    Error: browserType.launch: Executable doesn't exist at /Users/tarunrama/Library/Caches/ms-playwright/chromium_headless_shell-1179/chrome-mac/headless_shell
    ╔═════════════════════════════════════════════════════════════════════════╗
    ║ Looks like Playwright Test or Playwright was just installed or updated. ║
    ║ Please run the following command to download new browsers:              ║
    ║                                                                         ║
    ║     npx playwright install                                              ║
    ║                                                                         ║
    ║ <3 Playwright Team                                                      ║
    ╚═════════════════════════════════════════════════════════════════════════╝
]]>
</failure>
</testcase>
</testsuite>
<testsuite name="Layout.test.ts" timestamp="2025-07-17T12:25:54.326Z" hostname="chromium" tests="7" failures="7" skipped="0" time="0.018" errors="0">
<testcase name="Layout Performance › layout components load quickly" classname="Layout.test.ts" time="0.002">
<failure message="Layout.test.ts:8:3 layout components load quickly" type="FAILURE">
<![CDATA[  [chromium] › Layout.test.ts:8:3 › Layout Performance › layout components load quickly ────────────

    Error: browserType.launch: Executable doesn't exist at /Users/tarunrama/Library/Caches/ms-playwright/chromium_headless_shell-1179/chrome-mac/headless_shell
    ╔═════════════════════════════════════════════════════════════════════════╗
    ║ Looks like Playwright Test or Playwright was just installed or updated. ║
    ║ Please run the following command to download new browsers:              ║
    ║                                                                         ║
    ║     npx playwright install                                              ║
    ║                                                                         ║
    ║ <3 Playwright Team                                                      ║
    ╚═════════════════════════════════════════════════════════════════════════╝
]]>
</failure>
</testcase>
<testcase name="Layout Performance › layout is responsive across breakpoints" classname="Layout.test.ts" time="0.001">
<failure message="Layout.test.ts:23:3 layout is responsive across breakpoints" type="FAILURE">
<![CDATA[  [chromium] › Layout.test.ts:23:3 › Layout Performance › layout is responsive across breakpoints ──

    Error: browserType.launch: Executable doesn't exist at /Users/tarunrama/Library/Caches/ms-playwright/chromium_headless_shell-1179/chrome-mac/headless_shell
    ╔═════════════════════════════════════════════════════════════════════════╗
    ║ Looks like Playwright Test or Playwright was just installed or updated. ║
    ║ Please run the following command to download new browsers:              ║
    ║                                                                         ║
    ║     npx playwright install                                              ║
    ║                                                                         ║
    ║ <3 Playwright Team                                                      ║
    ╚═════════════════════════════════════════════════════════════════════════╝
]]>
</failure>
</testcase>
<testcase name="Layout Performance › sidebar transitions smoothly" classname="Layout.test.ts" time="0.005">
<failure message="Layout.test.ts:46:3 sidebar transitions smoothly" type="FAILURE">
<![CDATA[  [chromium] › Layout.test.ts:46:3 › Layout Performance › sidebar transitions smoothly ─────────────

    Error: browserType.launch: Executable doesn't exist at /Users/tarunrama/Library/Caches/ms-playwright/chromium_headless_shell-1179/chrome-mac/headless_shell
    ╔═════════════════════════════════════════════════════════════════════════╗
    ║ Looks like Playwright Test or Playwright was just installed or updated. ║
    ║ Please run the following command to download new browsers:              ║
    ║                                                                         ║
    ║     npx playwright install                                              ║
    ║                                                                         ║
    ║ <3 Playwright Team                                                      ║
    ╚═════════════════════════════════════════════════════════════════════════╝
]]>
</failure>
</testcase>
<testcase name="Layout Performance › header components are efficient" classname="Layout.test.ts" time="0.001">
<failure message="Layout.test.ts:65:3 header components are efficient" type="FAILURE">
<![CDATA[  [chromium] › Layout.test.ts:65:3 › Layout Performance › header components are efficient ──────────

    Error: browserType.launch: Executable doesn't exist at /Users/tarunrama/Library/Caches/ms-playwright/chromium_headless_shell-1179/chrome-mac/headless_shell
    ╔═════════════════════════════════════════════════════════════════════════╗
    ║ Looks like Playwright Test or Playwright was just installed or updated. ║
    ║ Please run the following command to download new browsers:              ║
    ║                                                                         ║
    ║     npx playwright install                                              ║
    ║                                                                         ║
    ║ <3 Playwright Team                                                      ║
    ╚═════════════════════════════════════════════════════════════════════════╝
]]>
</failure>
</testcase>
<testcase name="Layout Performance › footer loads lazily" classname="Layout.test.ts" time="0.004">
<failure message="Layout.test.ts:82:3 footer loads lazily" type="FAILURE">
<![CDATA[  [chromium] › Layout.test.ts:82:3 › Layout Performance › footer loads lazily ──────────────────────

    Error: browserType.launch: Executable doesn't exist at /Users/tarunrama/Library/Caches/ms-playwright/chromium_headless_shell-1179/chrome-mac/headless_shell
    ╔═════════════════════════════════════════════════════════════════════════╗
    ║ Looks like Playwright Test or Playwright was just installed or updated. ║
    ║ Please run the following command to download new browsers:              ║
    ║                                                                         ║
    ║     npx playwright install                                              ║
    ║                                                                         ║
    ║ <3 Playwright Team                                                      ║
    ╚═════════════════════════════════════════════════════════════════════════╝
]]>
</failure>
</testcase>
<testcase name="Layout Performance › theme switching is performant" classname="Layout.test.ts" time="0.003">
<failure message="Layout.test.ts:97:3 theme switching is performant" type="FAILURE">
<![CDATA[  [chromium] › Layout.test.ts:97:3 › Layout Performance › theme switching is performant ────────────

    Error: browserType.launch: Executable doesn't exist at /Users/tarunrama/Library/Caches/ms-playwright/chromium_headless_shell-1179/chrome-mac/headless_shell
    ╔═════════════════════════════════════════════════════════════════════════╗
    ║ Looks like Playwright Test or Playwright was just installed or updated. ║
    ║ Please run the following command to download new browsers:              ║
    ║                                                                         ║
    ║     npx playwright install                                              ║
    ║                                                                         ║
    ║ <3 Playwright Team                                                      ║
    ╚═════════════════════════════════════════════════════════════════════════╝
]]>
</failure>
</testcase>
<testcase name="Layout Performance › layout handles dynamic content updates" classname="Layout.test.ts" time="0.002">
<failure message="Layout.test.ts:115:3 layout handles dynamic content updates" type="FAILURE">
<![CDATA[  [chromium] › Layout.test.ts:115:3 › Layout Performance › layout handles dynamic content updates ──

    Error: browserType.launch: Executable doesn't exist at /Users/tarunrama/Library/Caches/ms-playwright/chromium_headless_shell-1179/chrome-mac/headless_shell
    ╔═════════════════════════════════════════════════════════════════════════╗
    ║ Looks like Playwright Test or Playwright was just installed or updated. ║
    ║ Please run the following command to download new browsers:              ║
    ║                                                                         ║
    ║     npx playwright install                                              ║
    ║                                                                         ║
    ║ <3 Playwright Team                                                      ║
    ╚═════════════════════════════════════════════════════════════════════════╝
]]>
</failure>
</testcase>
</testsuite>
<testsuite name="Navigation.test.ts" timestamp="2025-07-17T12:25:54.326Z" hostname="chromium" tests="4" failures="4" skipped="0" time="0.016" errors="0">
<testcase name="Navigation Performance › navigation menu loads quickly" classname="Navigation.test.ts" time="0.008">
<failure message="Navigation.test.ts:8:3 navigation menu loads quickly" type="FAILURE">
<![CDATA[  [chromium] › Navigation.test.ts:8:3 › Navigation Performance › navigation menu loads quickly ─────

    Error: browserType.launch: Executable doesn't exist at /Users/tarunrama/Library/Caches/ms-playwright/chromium_headless_shell-1179/chrome-mac/headless_shell
    ╔═════════════════════════════════════════════════════════════════════════╗
    ║ Looks like Playwright Test or Playwright was just installed or updated. ║
    ║ Please run the following command to download new browsers:              ║
    ║                                                                         ║
    ║     npx playwright install                                              ║
    ║                                                                         ║
    ║ <3 Playwright Team                                                      ║
    ╚═════════════════════════════════════════════════════════════════════════╝
]]>
</failure>
</testcase>
<testcase name="Navigation Performance › dropdown menus open smoothly" classname="Navigation.test.ts" time="0.003">
<failure message="Navigation.test.ts:15:3 dropdown menus open smoothly" type="FAILURE">
<![CDATA[  [chromium] › Navigation.test.ts:15:3 › Navigation Performance › dropdown menus open smoothly ─────

    Error: browserType.launch: Executable doesn't exist at /Users/tarunrama/Library/Caches/ms-playwright/chromium_headless_shell-1179/chrome-mac/headless_shell
    ╔═════════════════════════════════════════════════════════════════════════╗
    ║ Looks like Playwright Test or Playwright was just installed or updated. ║
    ║ Please run the following command to download new browsers:              ║
    ║                                                                         ║
    ║     npx playwright install                                              ║
    ║                                                                         ║
    ║ <3 Playwright Team                                                      ║
    ╚═════════════════════════════════════════════════════════════════════════╝
]]>
</failure>
</testcase>
<testcase name="Navigation Performance › mobile menu toggle is responsive" classname="Navigation.test.ts" time="0.002">
<failure message="Navigation.test.ts:33:3 mobile menu toggle is responsive" type="FAILURE">
<![CDATA[  [chromium] › Navigation.test.ts:33:3 › Navigation Performance › mobile menu toggle is responsive ─

    Error: browserType.launch: Executable doesn't exist at /Users/tarunrama/Library/Caches/ms-playwright/chromium_headless_shell-1179/chrome-mac/headless_shell
    ╔═════════════════════════════════════════════════════════════════════════╗
    ║ Looks like Playwright Test or Playwright was just installed or updated. ║
    ║ Please run the following command to download new browsers:              ║
    ║                                                                         ║
    ║     npx playwright install                                              ║
    ║                                                                         ║
    ║ <3 Playwright Team                                                      ║
    ╚═════════════════════════════════════════════════════════════════════════╝
]]>
</failure>
</testcase>
<testcase name="Navigation Performance › navigation is accessible" classname="Navigation.test.ts" time="0.003">
<failure message="Navigation.test.ts:54:3 navigation is accessible" type="FAILURE">
<![CDATA[  [chromium] › Navigation.test.ts:54:3 › Navigation Performance › navigation is accessible ─────────

    Error: browserType.launch: Executable doesn't exist at /Users/tarunrama/Library/Caches/ms-playwright/chromium_headless_shell-1179/chrome-mac/headless_shell
    ╔═════════════════════════════════════════════════════════════════════════╗
    ║ Looks like Playwright Test or Playwright was just installed or updated. ║
    ║ Please run the following command to download new browsers:              ║
    ║                                                                         ║
    ║     npx playwright install                                              ║
    ║                                                                         ║
    ║ <3 Playwright Team                                                      ║
    ╚═════════════════════════════════════════════════════════════════════════╝
]]>
</failure>
</testcase>
</testsuite>
<testsuite name="Search.test.ts" timestamp="2025-07-17T12:25:54.326Z" hostname="chromium" tests="5" failures="5" skipped="0" time="0.025" errors="0">
<testcase name="Search Performance › search input responds quickly" classname="Search.test.ts" time="0.002">
<failure message="Search.test.ts:8:3 search input responds quickly" type="FAILURE">
<![CDATA[  [chromium] › Search.test.ts:8:3 › Search Performance › search input responds quickly ─────────────

    Error: browserType.launch: Executable doesn't exist at /Users/tarunrama/Library/Caches/ms-playwright/chromium_headless_shell-1179/chrome-mac/headless_shell
    ╔═════════════════════════════════════════════════════════════════════════╗
    ║ Looks like Playwright Test or Playwright was just installed or updated. ║
    ║ Please run the following command to download new browsers:              ║
    ║                                                                         ║
    ║     npx playwright install                                              ║
    ║                                                                         ║
    ║ <3 Playwright Team                                                      ║
    ╚═════════════════════════════════════════════════════════════════════════╝
]]>
</failure>
</testcase>
<testcase name="Search Performance › search suggestions appear promptly" classname="Search.test.ts" time="0.006">
<failure message="Search.test.ts:18:3 search suggestions appear promptly" type="FAILURE">
<![CDATA[  [chromium] › Search.test.ts:18:3 › Search Performance › search suggestions appear promptly ───────

    Error: browserType.launch: Executable doesn't exist at /Users/tarunrama/Library/Caches/ms-playwright/chromium_headless_shell-1179/chrome-mac/headless_shell
    ╔═════════════════════════════════════════════════════════════════════════╗
    ║ Looks like Playwright Test or Playwright was just installed or updated. ║
    ║ Please run the following command to download new browsers:              ║
    ║                                                                         ║
    ║     npx playwright install                                              ║
    ║                                                                         ║
    ║ <3 Playwright Team                                                      ║
    ╚═════════════════════════════════════════════════════════════════════════╝
]]>
</failure>
</testcase>
<testcase name="Search Performance › search results load efficiently" classname="Search.test.ts" time="0.01">
<failure message="Search.test.ts:37:3 search results load efficiently" type="FAILURE">
<![CDATA[  [chromium] › Search.test.ts:37:3 › Search Performance › search results load efficiently ──────────

    Error: browserType.launch: Executable doesn't exist at /Users/tarunrama/Library/Caches/ms-playwright/chromium_headless_shell-1179/chrome-mac/headless_shell
    ╔═════════════════════════════════════════════════════════════════════════╗
    ║ Looks like Playwright Test or Playwright was just installed or updated. ║
    ║ Please run the following command to download new browsers:              ║
    ║                                                                         ║
    ║     npx playwright install                                              ║
    ║                                                                         ║
    ║ <3 Playwright Team                                                      ║
    ╚═════════════════════════════════════════════════════════════════════════╝
]]>
</failure>
</testcase>
<testcase name="Search Performance › search filters apply quickly" classname="Search.test.ts" time="0.004">
<failure message="Search.test.ts:57:3 search filters apply quickly" type="FAILURE">
<![CDATA[  [chromium] › Search.test.ts:57:3 › Search Performance › search filters apply quickly ─────────────

    Error: browserType.launch: Executable doesn't exist at /Users/tarunrama/Library/Caches/ms-playwright/chromium_headless_shell-1179/chrome-mac/headless_shell
    ╔═════════════════════════════════════════════════════════════════════════╗
    ║ Looks like Playwright Test or Playwright was just installed or updated. ║
    ║ Please run the following command to download new browsers:              ║
    ║                                                                         ║
    ║     npx playwright install                                              ║
    ║                                                                         ║
    ║ <3 Playwright Team                                                      ║
    ╚═════════════════════════════════════════════════════════════════════════╝
]]>
</failure>
</testcase>
<testcase name="Search Performance › search is keyboard accessible" classname="Search.test.ts" time="0.003">
<failure message="Search.test.ts:73:3 search is keyboard accessible" type="FAILURE">
<![CDATA[  [chromium] › Search.test.ts:73:3 › Search Performance › search is keyboard accessible ────────────

    Error: browserType.launch: Executable doesn't exist at /Users/tarunrama/Library/Caches/ms-playwright/chromium_headless_shell-1179/chrome-mac/headless_shell
    ╔═════════════════════════════════════════════════════════════════════════╗
    ║ Looks like Playwright Test or Playwright was just installed or updated. ║
    ║ Please run the following command to download new browsers:              ║
    ║                                                                         ║
    ║     npx playwright install                                              ║
    ║                                                                         ║
    ║ <3 Playwright Team                                                      ║
    ╚═════════════════════════════════════════════════════════════════════════╝
]]>
</failure>
</testcase>
</testsuite>
<testsuite name="SecurityFeatures.test.ts" timestamp="2025-07-17T12:25:54.326Z" hostname="chromium" tests="6" failures="6" skipped="0" time="0.025" errors="0">
<testcase name="Security Features Performance › authentication flow is responsive" classname="SecurityFeatures.test.ts" time="0.004">
<failure message="SecurityFeatures.test.ts:13:3 authentication flow is responsive" type="FAILURE">
<![CDATA[  [chromium] › SecurityFeatures.test.ts:13:3 › Security Features Performance › authentication flow is responsive 

    Error: browserType.launch: Executable doesn't exist at /Users/tarunrama/Library/Caches/ms-playwright/chromium_headless_shell-1179/chrome-mac/headless_shell
    ╔═════════════════════════════════════════════════════════════════════════╗
    ║ Looks like Playwright Test or Playwright was just installed or updated. ║
    ║ Please run the following command to download new browsers:              ║
    ║                                                                         ║
    ║     npx playwright install                                              ║
    ║                                                                         ║
    ║ <3 Playwright Team                                                      ║
    ╚═════════════════════════════════════════════════════════════════════════╝
]]>
</failure>
</testcase>
<testcase name="Security Features Performance › wallet connection is efficient" classname="SecurityFeatures.test.ts" time="0.002">
<failure message="SecurityFeatures.test.ts:34:3 wallet connection is efficient" type="FAILURE">
<![CDATA[  [chromium] › SecurityFeatures.test.ts:34:3 › Security Features Performance › wallet connection is efficient 

    Error: browserType.launch: Executable doesn't exist at /Users/tarunrama/Library/Caches/ms-playwright/chromium_headless_shell-1179/chrome-mac/headless_shell
    ╔═════════════════════════════════════════════════════════════════════════╗
    ║ Looks like Playwright Test or Playwright was just installed or updated. ║
    ║ Please run the following command to download new browsers:              ║
    ║                                                                         ║
    ║     npx playwright install                                              ║
    ║                                                                         ║
    ║ <3 Playwright Team                                                      ║
    ╚═════════════════════════════════════════════════════════════════════════╝
]]>
</failure>
</testcase>
<testcase name="Security Features Performance › transaction signing is non-blocking" classname="SecurityFeatures.test.ts" time="0.007">
<failure message="SecurityFeatures.test.ts:49:3 transaction signing is non-blocking" type="FAILURE">
<![CDATA[  [chromium] › SecurityFeatures.test.ts:49:3 › Security Features Performance › transaction signing is non-blocking 

    Error: browserType.launch: Executable doesn't exist at /Users/tarunrama/Library/Caches/ms-playwright/chromium_headless_shell-1179/chrome-mac/headless_shell
    ╔═════════════════════════════════════════════════════════════════════════╗
    ║ Looks like Playwright Test or Playwright was just installed or updated. ║
    ║ Please run the following command to download new browsers:              ║
    ║                                                                         ║
    ║     npx playwright install                                              ║
    ║                                                                         ║
    ║ <3 Playwright Team                                                      ║
    ╚═════════════════════════════════════════════════════════════════════════╝
]]>
</failure>
</testcase>
<testcase name="Security Features Performance › authorization checks are cached" classname="SecurityFeatures.test.ts" time="0.005">
<failure message="SecurityFeatures.test.ts:79:3 authorization checks are cached" type="FAILURE">
<![CDATA[  [chromium] › SecurityFeatures.test.ts:79:3 › Security Features Performance › authorization checks are cached 

    Error: browserType.launch: Executable doesn't exist at /Users/tarunrama/Library/Caches/ms-playwright/chromium_headless_shell-1179/chrome-mac/headless_shell
    ╔═════════════════════════════════════════════════════════════════════════╗
    ║ Looks like Playwright Test or Playwright was just installed or updated. ║
    ║ Please run the following command to download new browsers:              ║
    ║                                                                         ║
    ║     npx playwright install                                              ║
    ║                                                                         ║
    ║ <3 Playwright Team                                                      ║
    ╚═════════════════════════════════════════════════════════════════════════╝
]]>
</failure>
</testcase>
<testcase name="Security Features Performance › security settings updates are responsive" classname="SecurityFeatures.test.ts" time="0.004">
<failure message="SecurityFeatures.test.ts:96:3 security settings updates are responsive" type="FAILURE">
<![CDATA[  [chromium] › SecurityFeatures.test.ts:96:3 › Security Features Performance › security settings updates are responsive 

    Error: browserType.launch: Executable doesn't exist at /Users/tarunrama/Library/Caches/ms-playwright/chromium_headless_shell-1179/chrome-mac/headless_shell
    ╔═════════════════════════════════════════════════════════════════════════╗
    ║ Looks like Playwright Test or Playwright was just installed or updated. ║
    ║ Please run the following command to download new browsers:              ║
    ║                                                                         ║
    ║     npx playwright install                                              ║
    ║                                                                         ║
    ║ <3 Playwright Team                                                      ║
    ╚═════════════════════════════════════════════════════════════════════════╝
]]>
</failure>
</testcase>
<testcase name="Security Features Performance › audit log loads efficiently" classname="SecurityFeatures.test.ts" time="0.003">
<failure message="SecurityFeatures.test.ts:115:3 audit log loads efficiently" type="FAILURE">
<![CDATA[  [chromium] › SecurityFeatures.test.ts:115:3 › Security Features Performance › audit log loads efficiently 

    Error: browserType.launch: Executable doesn't exist at /Users/tarunrama/Library/Caches/ms-playwright/chromium_headless_shell-1179/chrome-mac/headless_shell
    ╔═════════════════════════════════════════════════════════════════════════╗
    ║ Looks like Playwright Test or Playwright was just installed or updated. ║
    ║ Please run the following command to download new browsers:              ║
    ║                                                                         ║
    ║     npx playwright install                                              ║
    ║                                                                         ║
    ║ <3 Playwright Team                                                      ║
    ╚═════════════════════════════════════════════════════════════════════════╝
]]>
</failure>
</testcase>
</testsuite>
<testsuite name="UserDashboard.test.ts" timestamp="2025-07-17T12:25:54.326Z" hostname="chromium" tests="6" failures="6" skipped="0" time="0.033" errors="0">
<testcase name="User Dashboard Performance › dashboard loads quickly" classname="UserDashboard.test.ts" time="0.003">
<failure message="UserDashboard.test.ts:13:3 dashboard loads quickly" type="FAILURE">
<![CDATA[  [chromium] › UserDashboard.test.ts:13:3 › User Dashboard Performance › dashboard loads quickly ───

    Error: browserType.launch: Executable doesn't exist at /Users/tarunrama/Library/Caches/ms-playwright/chromium_headless_shell-1179/chrome-mac/headless_shell
    ╔═════════════════════════════════════════════════════════════════════════╗
    ║ Looks like Playwright Test or Playwright was just installed or updated. ║
    ║ Please run the following command to download new browsers:              ║
    ║                                                                         ║
    ║     npx playwright install                                              ║
    ║                                                                         ║
    ║ <3 Playwright Team                                                      ║
    ╚═════════════════════════════════════════════════════════════════════════╝
]]>
</failure>
</testcase>
<testcase name="User Dashboard Performance › data visualizations render efficiently" classname="UserDashboard.test.ts" time="0.003">
<failure message="UserDashboard.test.ts:20:3 data visualizations render efficiently" type="FAILURE">
<![CDATA[  [chromium] › UserDashboard.test.ts:20:3 › User Dashboard Performance › data visualizations render efficiently 

    Error: browserType.launch: Executable doesn't exist at /Users/tarunrama/Library/Caches/ms-playwright/chromium_headless_shell-1179/chrome-mac/headless_shell
    ╔═════════════════════════════════════════════════════════════════════════╗
    ║ Looks like Playwright Test or Playwright was just installed or updated. ║
    ║ Please run the following command to download new browsers:              ║
    ║                                                                         ║
    ║     npx playwright install                                              ║
    ║                                                                         ║
    ║ <3 Playwright Team                                                      ║
    ╚═════════════════════════════════════════════════════════════════════════╝
]]>
</failure>
</testcase>
<testcase name="User Dashboard Performance › transaction history loads with pagination" classname="UserDashboard.test.ts" time="0.005">
<failure message="UserDashboard.test.ts:38:3 transaction history loads with pagination" type="FAILURE">
<![CDATA[  [chromium] › UserDashboard.test.ts:38:3 › User Dashboard Performance › transaction history loads with pagination 

    Error: browserType.launch: Executable doesn't exist at /Users/tarunrama/Library/Caches/ms-playwright/chromium_headless_shell-1179/chrome-mac/headless_shell
    ╔═════════════════════════════════════════════════════════════════════════╗
    ║ Looks like Playwright Test or Playwright was just installed or updated. ║
    ║ Please run the following command to download new browsers:              ║
    ║                                                                         ║
    ║     npx playwright install                                              ║
    ║                                                                         ║
    ║ <3 Playwright Team                                                      ║
    ╚═════════════════════════════════════════════════════════════════════════╝
]]>
</failure>
</testcase>
<testcase name="User Dashboard Performance › notification center updates in real-time" classname="UserDashboard.test.ts" time="0.008">
<failure message="UserDashboard.test.ts:61:3 notification center updates in real-time" type="FAILURE">
<![CDATA[  [chromium] › UserDashboard.test.ts:61:3 › User Dashboard Performance › notification center updates in real-time 

    Error: browserType.launch: Executable doesn't exist at /Users/tarunrama/Library/Caches/ms-playwright/chromium_headless_shell-1179/chrome-mac/headless_shell
    ╔═════════════════════════════════════════════════════════════════════════╗
    ║ Looks like Playwright Test or Playwright was just installed or updated. ║
    ║ Please run the following command to download new browsers:              ║
    ║                                                                         ║
    ║     npx playwright install                                              ║
    ║                                                                         ║
    ║ <3 Playwright Team                                                      ║
    ╚═════════════════════════════════════════════════════════════════════════╝
]]>
</failure>
</testcase>
<testcase name="User Dashboard Performance › account settings form responds quickly" classname="UserDashboard.test.ts" time="0.007">
<failure message="UserDashboard.test.ts:82:3 account settings form responds quickly" type="FAILURE">
<![CDATA[  [chromium] › UserDashboard.test.ts:82:3 › User Dashboard Performance › account settings form responds quickly 

    Error: browserType.launch: Executable doesn't exist at /Users/tarunrama/Library/Caches/ms-playwright/chromium_headless_shell-1179/chrome-mac/headless_shell
    ╔═════════════════════════════════════════════════════════════════════════╗
    ║ Looks like Playwright Test or Playwright was just installed or updated. ║
    ║ Please run the following command to download new browsers:              ║
    ║                                                                         ║
    ║     npx playwright install                                              ║
    ║                                                                         ║
    ║ <3 Playwright Team                                                      ║
    ╚═════════════════════════════════════════════════════════════════════════╝
]]>
</failure>
</testcase>
<testcase name="User Dashboard Performance › dashboard is responsive on mobile" classname="UserDashboard.test.ts" time="0.007">
<failure message="UserDashboard.test.ts:100:3 dashboard is responsive on mobile" type="FAILURE">
<![CDATA[  [chromium] › UserDashboard.test.ts:100:3 › User Dashboard Performance › dashboard is responsive on mobile 

    Error: browserType.launch: Executable doesn't exist at /Users/tarunrama/Library/Caches/ms-playwright/chromium_headless_shell-1179/chrome-mac/headless_shell
    ╔═════════════════════════════════════════════════════════════════════════╗
    ║ Looks like Playwright Test or Playwright was just installed or updated. ║
    ║ Please run the following command to download new browsers:              ║
    ║                                                                         ║
    ║     npx playwright install                                              ║
    ║                                                                         ║
    ║ <3 Playwright Team                                                      ║
    ╚═════════════════════════════════════════════════════════════════════════╝
]]>
</failure>
</testcase>
</testsuite>
<testsuite name="Forms.test.ts" timestamp="2025-07-17T12:25:54.326Z" hostname="firefox" tests="7" failures="7" skipped="0" time="0.025" errors="0">
<testcase name="Form Performance › form components load efficiently" classname="Forms.test.ts" time="0.006">
<failure message="Forms.test.ts:8:3 form components load efficiently" type="FAILURE">
<![CDATA[  [firefox] › Forms.test.ts:8:3 › Form Performance › form components load efficiently ──────────────

    Error: browserType.launch: Executable doesn't exist at /Users/tarunrama/Library/Caches/ms-playwright/firefox-1488/firefox/Nightly.app/Contents/MacOS/firefox
    ╔═════════════════════════════════════════════════════════════════════════╗
    ║ Looks like Playwright Test or Playwright was just installed or updated. ║
    ║ Please run the following command to download new browsers:              ║
    ║                                                                         ║
    ║     npx playwright install                                              ║
    ║                                                                         ║
    ║ <3 Playwright Team                                                      ║
    ╚═════════════════════════════════════════════════════════════════════════╝
]]>
</failure>
</testcase>
<testcase name="Form Performance › input validation is responsive" classname="Forms.test.ts" time="0.002">
<failure message="Forms.test.ts:23:3 input validation is responsive" type="FAILURE">
<![CDATA[  [firefox] › Forms.test.ts:23:3 › Form Performance › input validation is responsive ───────────────

    Error: browserType.launch: Executable doesn't exist at /Users/tarunrama/Library/Caches/ms-playwright/firefox-1488/firefox/Nightly.app/Contents/MacOS/firefox
    ╔═════════════════════════════════════════════════════════════════════════╗
    ║ Looks like Playwright Test or Playwright was just installed or updated. ║
    ║ Please run the following command to download new browsers:              ║
    ║                                                                         ║
    ║     npx playwright install                                              ║
    ║                                                                         ║
    ║ <3 Playwright Team                                                      ║
    ╚═════════════════════════════════════════════════════════════════════════╝
]]>
</failure>
</testcase>
<testcase name="Form Performance › form submission is non-blocking" classname="Forms.test.ts" time="0.006">
<failure message="Forms.test.ts:41:3 form submission is non-blocking" type="FAILURE">
<![CDATA[  [firefox] › Forms.test.ts:41:3 › Form Performance › form submission is non-blocking ──────────────

    Error: browserType.launch: Executable doesn't exist at /Users/tarunrama/Library/Caches/ms-playwright/firefox-1488/firefox/Nightly.app/Contents/MacOS/firefox
    ╔═════════════════════════════════════════════════════════════════════════╗
    ║ Looks like Playwright Test or Playwright was just installed or updated. ║
    ║ Please run the following command to download new browsers:              ║
    ║                                                                         ║
    ║     npx playwright install                                              ║
    ║                                                                         ║
    ║ <3 Playwright Team                                                      ║
    ╚═════════════════════════════════════════════════════════════════════════╝
]]>
</failure>
</testcase>
<testcase name="Form Performance › form controls are responsive" classname="Forms.test.ts" time="0.002">
<failure message="Forms.test.ts:72:3 form controls are responsive" type="FAILURE">
<![CDATA[  [firefox] › Forms.test.ts:72:3 › Form Performance › form controls are responsive ─────────────────

    Error: browserType.launch: Executable doesn't exist at /Users/tarunrama/Library/Caches/ms-playwright/firefox-1488/firefox/Nightly.app/Contents/MacOS/firefox
    ╔═════════════════════════════════════════════════════════════════════════╗
    ║ Looks like Playwright Test or Playwright was just installed or updated. ║
    ║ Please run the following command to download new browsers:              ║
    ║                                                                         ║
    ║     npx playwright install                                              ║
    ║                                                                         ║
    ║ <3 Playwright Team                                                      ║
    ╚═════════════════════════════════════════════════════════════════════════╝
]]>
</failure>
</testcase>
<testcase name="Form Performance › form reset is immediate" classname="Forms.test.ts" time="0.004">
<failure message="Forms.test.ts:97:3 form reset is immediate" type="FAILURE">
<![CDATA[  [firefox] › Forms.test.ts:97:3 › Form Performance › form reset is immediate ──────────────────────

    Error: browserType.launch: Executable doesn't exist at /Users/tarunrama/Library/Caches/ms-playwright/firefox-1488/firefox/Nightly.app/Contents/MacOS/firefox
    ╔═════════════════════════════════════════════════════════════════════════╗
    ║ Looks like Playwright Test or Playwright was just installed or updated. ║
    ║ Please run the following command to download new browsers:              ║
    ║                                                                         ║
    ║     npx playwright install                                              ║
    ║                                                                         ║
    ║ <3 Playwright Team                                                      ║
    ╚═════════════════════════════════════════════════════════════════════════╝
]]>
</failure>
</testcase>
<testcase name="Form Performance › form validation handles rapid input" classname="Forms.test.ts" time="0.003">
<failure message="Forms.test.ts:116:3 form validation handles rapid input" type="FAILURE">
<![CDATA[  [firefox] › Forms.test.ts:116:3 › Form Performance › form validation handles rapid input ─────────

    Error: browserType.launch: Executable doesn't exist at /Users/tarunrama/Library/Caches/ms-playwright/firefox-1488/firefox/Nightly.app/Contents/MacOS/firefox
    ╔═════════════════════════════════════════════════════════════════════════╗
    ║ Looks like Playwright Test or Playwright was just installed or updated. ║
    ║ Please run the following command to download new browsers:              ║
    ║                                                                         ║
    ║     npx playwright install                                              ║
    ║                                                                         ║
    ║ <3 Playwright Team                                                      ║
    ╚═════════════════════════════════════════════════════════════════════════╝
]]>
</failure>
</testcase>
<testcase name="Form Performance › form handles large datasets efficiently" classname="Forms.test.ts" time="0.002">
<failure message="Forms.test.ts:134:3 form handles large datasets efficiently" type="FAILURE">
<![CDATA[  [firefox] › Forms.test.ts:134:3 › Form Performance › form handles large datasets efficiently ─────

    Error: browserType.launch: Executable doesn't exist at /Users/tarunrama/Library/Caches/ms-playwright/firefox-1488/firefox/Nightly.app/Contents/MacOS/firefox
    ╔═════════════════════════════════════════════════════════════════════════╗
    ║ Looks like Playwright Test or Playwright was just installed or updated. ║
    ║ Please run the following command to download new browsers:              ║
    ║                                                                         ║
    ║     npx playwright install                                              ║
    ║                                                                         ║
    ║ <3 Playwright Team                                                      ║
    ╚═════════════════════════════════════════════════════════════════════════╝
]]>
</failure>
</testcase>
</testsuite>
<testsuite name="Layout.test.ts" timestamp="2025-07-17T12:25:54.326Z" hostname="firefox" tests="7" failures="7" skipped="0" time="0.012" errors="0">
<testcase name="Layout Performance › layout components load quickly" classname="Layout.test.ts" time="0.002">
<failure message="Layout.test.ts:8:3 layout components load quickly" type="FAILURE">
<![CDATA[  [firefox] › Layout.test.ts:8:3 › Layout Performance › layout components load quickly ─────────────

    Error: browserType.launch: Executable doesn't exist at /Users/tarunrama/Library/Caches/ms-playwright/firefox-1488/firefox/Nightly.app/Contents/MacOS/firefox
    ╔═════════════════════════════════════════════════════════════════════════╗
    ║ Looks like Playwright Test or Playwright was just installed or updated. ║
    ║ Please run the following command to download new browsers:              ║
    ║                                                                         ║
    ║     npx playwright install                                              ║
    ║                                                                         ║
    ║ <3 Playwright Team                                                      ║
    ╚═════════════════════════════════════════════════════════════════════════╝
]]>
</failure>
</testcase>
<testcase name="Layout Performance › layout is responsive across breakpoints" classname="Layout.test.ts" time="0.001">
<failure message="Layout.test.ts:23:3 layout is responsive across breakpoints" type="FAILURE">
<![CDATA[  [firefox] › Layout.test.ts:23:3 › Layout Performance › layout is responsive across breakpoints ───

    Error: browserType.launch: Executable doesn't exist at /Users/tarunrama/Library/Caches/ms-playwright/firefox-1488/firefox/Nightly.app/Contents/MacOS/firefox
    ╔═════════════════════════════════════════════════════════════════════════╗
    ║ Looks like Playwright Test or Playwright was just installed or updated. ║
    ║ Please run the following command to download new browsers:              ║
    ║                                                                         ║
    ║     npx playwright install                                              ║
    ║                                                                         ║
    ║ <3 Playwright Team                                                      ║
    ╚═════════════════════════════════════════════════════════════════════════╝
]]>
</failure>
</testcase>
<testcase name="Layout Performance › sidebar transitions smoothly" classname="Layout.test.ts" time="0.002">
<failure message="Layout.test.ts:46:3 sidebar transitions smoothly" type="FAILURE">
<![CDATA[  [firefox] › Layout.test.ts:46:3 › Layout Performance › sidebar transitions smoothly ──────────────

    Error: browserType.launch: Executable doesn't exist at /Users/tarunrama/Library/Caches/ms-playwright/firefox-1488/firefox/Nightly.app/Contents/MacOS/firefox
    ╔═════════════════════════════════════════════════════════════════════════╗
    ║ Looks like Playwright Test or Playwright was just installed or updated. ║
    ║ Please run the following command to download new browsers:              ║
    ║                                                                         ║
    ║     npx playwright install                                              ║
    ║                                                                         ║
    ║ <3 Playwright Team                                                      ║
    ╚═════════════════════════════════════════════════════════════════════════╝
]]>
</failure>
</testcase>
<testcase name="Layout Performance › header components are efficient" classname="Layout.test.ts" time="0.001">
<failure message="Layout.test.ts:65:3 header components are efficient" type="FAILURE">
<![CDATA[  [firefox] › Layout.test.ts:65:3 › Layout Performance › header components are efficient ───────────

    Error: browserType.launch: Executable doesn't exist at /Users/tarunrama/Library/Caches/ms-playwright/firefox-1488/firefox/Nightly.app/Contents/MacOS/firefox
    ╔═════════════════════════════════════════════════════════════════════════╗
    ║ Looks like Playwright Test or Playwright was just installed or updated. ║
    ║ Please run the following command to download new browsers:              ║
    ║                                                                         ║
    ║     npx playwright install                                              ║
    ║                                                                         ║
    ║ <3 Playwright Team                                                      ║
    ╚═════════════════════════════════════════════════════════════════════════╝
]]>
</failure>
</testcase>
<testcase name="Layout Performance › footer loads lazily" classname="Layout.test.ts" time="0.001">
<failure message="Layout.test.ts:82:3 footer loads lazily" type="FAILURE">
<![CDATA[  [firefox] › Layout.test.ts:82:3 › Layout Performance › footer loads lazily ───────────────────────

    Error: browserType.launch: Executable doesn't exist at /Users/tarunrama/Library/Caches/ms-playwright/firefox-1488/firefox/Nightly.app/Contents/MacOS/firefox
    ╔═════════════════════════════════════════════════════════════════════════╗
    ║ Looks like Playwright Test or Playwright was just installed or updated. ║
    ║ Please run the following command to download new browsers:              ║
    ║                                                                         ║
    ║     npx playwright install                                              ║
    ║                                                                         ║
    ║ <3 Playwright Team                                                      ║
    ╚═════════════════════════════════════════════════════════════════════════╝
]]>
</failure>
</testcase>
<testcase name="Layout Performance › theme switching is performant" classname="Layout.test.ts" time="0.003">
<failure message="Layout.test.ts:97:3 theme switching is performant" type="FAILURE">
<![CDATA[  [firefox] › Layout.test.ts:97:3 › Layout Performance › theme switching is performant ─────────────

    Error: browserType.launch: Executable doesn't exist at /Users/tarunrama/Library/Caches/ms-playwright/firefox-1488/firefox/Nightly.app/Contents/MacOS/firefox
    ╔═════════════════════════════════════════════════════════════════════════╗
    ║ Looks like Playwright Test or Playwright was just installed or updated. ║
    ║ Please run the following command to download new browsers:              ║
    ║                                                                         ║
    ║     npx playwright install                                              ║
    ║                                                                         ║
    ║ <3 Playwright Team                                                      ║
    ╚═════════════════════════════════════════════════════════════════════════╝
]]>
</failure>
</testcase>
<testcase name="Layout Performance › layout handles dynamic content updates" classname="Layout.test.ts" time="0.002">
<failure message="Layout.test.ts:115:3 layout handles dynamic content updates" type="FAILURE">
<![CDATA[  [firefox] › Layout.test.ts:115:3 › Layout Performance › layout handles dynamic content updates ───

    Error: browserType.launch: Executable doesn't exist at /Users/tarunrama/Library/Caches/ms-playwright/firefox-1488/firefox/Nightly.app/Contents/MacOS/firefox
    ╔═════════════════════════════════════════════════════════════════════════╗
    ║ Looks like Playwright Test or Playwright was just installed or updated. ║
    ║ Please run the following command to download new browsers:              ║
    ║                                                                         ║
    ║     npx playwright install                                              ║
    ║                                                                         ║
    ║ <3 Playwright Team                                                      ║
    ╚═════════════════════════════════════════════════════════════════════════╝
]]>
</failure>
</testcase>
</testsuite>
<testsuite name="Navigation.test.ts" timestamp="2025-07-17T12:25:54.326Z" hostname="firefox" tests="4" failures="4" skipped="0" time="0.008" errors="0">
<testcase name="Navigation Performance › navigation menu loads quickly" classname="Navigation.test.ts" time="0.001">
<failure message="Navigation.test.ts:8:3 navigation menu loads quickly" type="FAILURE">
<![CDATA[  [firefox] › Navigation.test.ts:8:3 › Navigation Performance › navigation menu loads quickly ──────

    Error: browserType.launch: Executable doesn't exist at /Users/tarunrama/Library/Caches/ms-playwright/firefox-1488/firefox/Nightly.app/Contents/MacOS/firefox
    ╔═════════════════════════════════════════════════════════════════════════╗
    ║ Looks like Playwright Test or Playwright was just installed or updated. ║
    ║ Please run the following command to download new browsers:              ║
    ║                                                                         ║
    ║     npx playwright install                                              ║
    ║                                                                         ║
    ║ <3 Playwright Team                                                      ║
    ╚═════════════════════════════════════════════════════════════════════════╝
]]>
</failure>
</testcase>
<testcase name="Navigation Performance › dropdown menus open smoothly" classname="Navigation.test.ts" time="0.002">
<failure message="Navigation.test.ts:15:3 dropdown menus open smoothly" type="FAILURE">
<![CDATA[  [firefox] › Navigation.test.ts:15:3 › Navigation Performance › dropdown menus open smoothly ──────

    Error: browserType.launch: Executable doesn't exist at /Users/tarunrama/Library/Caches/ms-playwright/firefox-1488/firefox/Nightly.app/Contents/MacOS/firefox
    ╔═════════════════════════════════════════════════════════════════════════╗
    ║ Looks like Playwright Test or Playwright was just installed or updated. ║
    ║ Please run the following command to download new browsers:              ║
    ║                                                                         ║
    ║     npx playwright install                                              ║
    ║                                                                         ║
    ║ <3 Playwright Team                                                      ║
    ╚═════════════════════════════════════════════════════════════════════════╝
]]>
</failure>
</testcase>
<testcase name="Navigation Performance › mobile menu toggle is responsive" classname="Navigation.test.ts" time="0.002">
<failure message="Navigation.test.ts:33:3 mobile menu toggle is responsive" type="FAILURE">
<![CDATA[  [firefox] › Navigation.test.ts:33:3 › Navigation Performance › mobile menu toggle is responsive ──

    Error: browserType.launch: Executable doesn't exist at /Users/tarunrama/Library/Caches/ms-playwright/firefox-1488/firefox/Nightly.app/Contents/MacOS/firefox
    ╔═════════════════════════════════════════════════════════════════════════╗
    ║ Looks like Playwright Test or Playwright was just installed or updated. ║
    ║ Please run the following command to download new browsers:              ║
    ║                                                                         ║
    ║     npx playwright install                                              ║
    ║                                                                         ║
    ║ <3 Playwright Team                                                      ║
    ╚═════════════════════════════════════════════════════════════════════════╝
]]>
</failure>
</testcase>
<testcase name="Navigation Performance › navigation is accessible" classname="Navigation.test.ts" time="0.003">
<failure message="Navigation.test.ts:54:3 navigation is accessible" type="FAILURE">
<![CDATA[  [firefox] › Navigation.test.ts:54:3 › Navigation Performance › navigation is accessible ──────────

    Error: browserType.launch: Executable doesn't exist at /Users/tarunrama/Library/Caches/ms-playwright/firefox-1488/firefox/Nightly.app/Contents/MacOS/firefox
    ╔═════════════════════════════════════════════════════════════════════════╗
    ║ Looks like Playwright Test or Playwright was just installed or updated. ║
    ║ Please run the following command to download new browsers:              ║
    ║                                                                         ║
    ║     npx playwright install                                              ║
    ║                                                                         ║
    ║ <3 Playwright Team                                                      ║
    ╚═════════════════════════════════════════════════════════════════════════╝
]]>
</failure>
</testcase>
</testsuite>
<testsuite name="Search.test.ts" timestamp="2025-07-17T12:25:54.326Z" hostname="firefox" tests="5" failures="5" skipped="0" time="0.01" errors="0">
<testcase name="Search Performance › search input responds quickly" classname="Search.test.ts" time="0.002">
<failure message="Search.test.ts:8:3 search input responds quickly" type="FAILURE">
<![CDATA[  [firefox] › Search.test.ts:8:3 › Search Performance › search input responds quickly ──────────────

    Error: browserType.launch: Executable doesn't exist at /Users/tarunrama/Library/Caches/ms-playwright/firefox-1488/firefox/Nightly.app/Contents/MacOS/firefox
    ╔═════════════════════════════════════════════════════════════════════════╗
    ║ Looks like Playwright Test or Playwright was just installed or updated. ║
    ║ Please run the following command to download new browsers:              ║
    ║                                                                         ║
    ║     npx playwright install                                              ║
    ║                                                                         ║
    ║ <3 Playwright Team                                                      ║
    ╚═════════════════════════════════════════════════════════════════════════╝
]]>
</failure>
</testcase>
<testcase name="Search Performance › search suggestions appear promptly" classname="Search.test.ts" time="0.003">
<failure message="Search.test.ts:18:3 search suggestions appear promptly" type="FAILURE">
<![CDATA[  [firefox] › Search.test.ts:18:3 › Search Performance › search suggestions appear promptly ────────

    Error: browserType.launch: Executable doesn't exist at /Users/tarunrama/Library/Caches/ms-playwright/firefox-1488/firefox/Nightly.app/Contents/MacOS/firefox
    ╔═════════════════════════════════════════════════════════════════════════╗
    ║ Looks like Playwright Test or Playwright was just installed or updated. ║
    ║ Please run the following command to download new browsers:              ║
    ║                                                                         ║
    ║     npx playwright install                                              ║
    ║                                                                         ║
    ║ <3 Playwright Team                                                      ║
    ╚═════════════════════════════════════════════════════════════════════════╝
]]>
</failure>
</testcase>
<testcase name="Search Performance › search results load efficiently" classname="Search.test.ts" time="0.001">
<failure message="Search.test.ts:37:3 search results load efficiently" type="FAILURE">
<![CDATA[  [firefox] › Search.test.ts:37:3 › Search Performance › search results load efficiently ───────────

    Error: browserType.launch: Executable doesn't exist at /Users/tarunrama/Library/Caches/ms-playwright/firefox-1488/firefox/Nightly.app/Contents/MacOS/firefox
    ╔═════════════════════════════════════════════════════════════════════════╗
    ║ Looks like Playwright Test or Playwright was just installed or updated. ║
    ║ Please run the following command to download new browsers:              ║
    ║                                                                         ║
    ║     npx playwright install                                              ║
    ║                                                                         ║
    ║ <3 Playwright Team                                                      ║
    ╚═════════════════════════════════════════════════════════════════════════╝
]]>
</failure>
</testcase>
<testcase name="Search Performance › search filters apply quickly" classname="Search.test.ts" time="0.001">
<failure message="Search.test.ts:57:3 search filters apply quickly" type="FAILURE">
<![CDATA[  [firefox] › Search.test.ts:57:3 › Search Performance › search filters apply quickly ──────────────

    Error: browserType.launch: Executable doesn't exist at /Users/tarunrama/Library/Caches/ms-playwright/firefox-1488/firefox/Nightly.app/Contents/MacOS/firefox
    ╔═════════════════════════════════════════════════════════════════════════╗
    ║ Looks like Playwright Test or Playwright was just installed or updated. ║
    ║ Please run the following command to download new browsers:              ║
    ║                                                                         ║
    ║     npx playwright install                                              ║
    ║                                                                         ║
    ║ <3 Playwright Team                                                      ║
    ╚═════════════════════════════════════════════════════════════════════════╝
]]>
</failure>
</testcase>
<testcase name="Search Performance › search is keyboard accessible" classname="Search.test.ts" time="0.003">
<failure message="Search.test.ts:73:3 search is keyboard accessible" type="FAILURE">
<![CDATA[  [firefox] › Search.test.ts:73:3 › Search Performance › search is keyboard accessible ─────────────

    Error: browserType.launch: Executable doesn't exist at /Users/tarunrama/Library/Caches/ms-playwright/firefox-1488/firefox/Nightly.app/Contents/MacOS/firefox
    ╔═════════════════════════════════════════════════════════════════════════╗
    ║ Looks like Playwright Test or Playwright was just installed or updated. ║
    ║ Please run the following command to download new browsers:              ║
    ║                                                                         ║
    ║     npx playwright install                                              ║
    ║                                                                         ║
    ║ <3 Playwright Team                                                      ║
    ╚═════════════════════════════════════════════════════════════════════════╝
]]>
</failure>
</testcase>
</testsuite>
<testsuite name="SecurityFeatures.test.ts" timestamp="2025-07-17T12:25:54.326Z" hostname="firefox" tests="6" failures="6" skipped="0" time="0.02" errors="0">
<testcase name="Security Features Performance › authentication flow is responsive" classname="SecurityFeatures.test.ts" time="0.002">
<failure message="SecurityFeatures.test.ts:13:3 authentication flow is responsive" type="FAILURE">
<![CDATA[  [firefox] › SecurityFeatures.test.ts:13:3 › Security Features Performance › authentication flow is responsive 

    Error: browserType.launch: Executable doesn't exist at /Users/tarunrama/Library/Caches/ms-playwright/firefox-1488/firefox/Nightly.app/Contents/MacOS/firefox
    ╔═════════════════════════════════════════════════════════════════════════╗
    ║ Looks like Playwright Test or Playwright was just installed or updated. ║
    ║ Please run the following command to download new browsers:              ║
    ║                                                                         ║
    ║     npx playwright install                                              ║
    ║                                                                         ║
    ║ <3 Playwright Team                                                      ║
    ╚═════════════════════════════════════════════════════════════════════════╝
]]>
</failure>
</testcase>
<testcase name="Security Features Performance › wallet connection is efficient" classname="SecurityFeatures.test.ts" time="0.002">
<failure message="SecurityFeatures.test.ts:34:3 wallet connection is efficient" type="FAILURE">
<![CDATA[  [firefox] › SecurityFeatures.test.ts:34:3 › Security Features Performance › wallet connection is efficient 

    Error: browserType.launch: Executable doesn't exist at /Users/tarunrama/Library/Caches/ms-playwright/firefox-1488/firefox/Nightly.app/Contents/MacOS/firefox
    ╔═════════════════════════════════════════════════════════════════════════╗
    ║ Looks like Playwright Test or Playwright was just installed or updated. ║
    ║ Please run the following command to download new browsers:              ║
    ║                                                                         ║
    ║     npx playwright install                                              ║
    ║                                                                         ║
    ║ <3 Playwright Team                                                      ║
    ╚═════════════════════════════════════════════════════════════════════════╝
]]>
</failure>
</testcase>
<testcase name="Security Features Performance › transaction signing is non-blocking" classname="SecurityFeatures.test.ts" time="0.009">
<failure message="SecurityFeatures.test.ts:49:3 transaction signing is non-blocking" type="FAILURE">
<![CDATA[  [firefox] › SecurityFeatures.test.ts:49:3 › Security Features Performance › transaction signing is non-blocking 

    Error: browserType.launch: Executable doesn't exist at /Users/tarunrama/Library/Caches/ms-playwright/firefox-1488/firefox/Nightly.app/Contents/MacOS/firefox
    ╔═════════════════════════════════════════════════════════════════════════╗
    ║ Looks like Playwright Test or Playwright was just installed or updated. ║
    ║ Please run the following command to download new browsers:              ║
    ║                                                                         ║
    ║     npx playwright install                                              ║
    ║                                                                         ║
    ║ <3 Playwright Team                                                      ║
    ╚═════════════════════════════════════════════════════════════════════════╝
]]>
</failure>
</testcase>
<testcase name="Security Features Performance › authorization checks are cached" classname="SecurityFeatures.test.ts" time="0.002">
<failure message="SecurityFeatures.test.ts:79:3 authorization checks are cached" type="FAILURE">
<![CDATA[  [firefox] › SecurityFeatures.test.ts:79:3 › Security Features Performance › authorization checks are cached 

    Error: browserType.launch: Executable doesn't exist at /Users/tarunrama/Library/Caches/ms-playwright/firefox-1488/firefox/Nightly.app/Contents/MacOS/firefox
    ╔═════════════════════════════════════════════════════════════════════════╗
    ║ Looks like Playwright Test or Playwright was just installed or updated. ║
    ║ Please run the following command to download new browsers:              ║
    ║                                                                         ║
    ║     npx playwright install                                              ║
    ║                                                                         ║
    ║ <3 Playwright Team                                                      ║
    ╚═════════════════════════════════════════════════════════════════════════╝
]]>
</failure>
</testcase>
<testcase name="Security Features Performance › security settings updates are responsive" classname="SecurityFeatures.test.ts" time="0.002">
<failure message="SecurityFeatures.test.ts:96:3 security settings updates are responsive" type="FAILURE">
<![CDATA[  [firefox] › SecurityFeatures.test.ts:96:3 › Security Features Performance › security settings updates are responsive 

    Error: browserType.launch: Executable doesn't exist at /Users/tarunrama/Library/Caches/ms-playwright/firefox-1488/firefox/Nightly.app/Contents/MacOS/firefox
    ╔═════════════════════════════════════════════════════════════════════════╗
    ║ Looks like Playwright Test or Playwright was just installed or updated. ║
    ║ Please run the following command to download new browsers:              ║
    ║                                                                         ║
    ║     npx playwright install                                              ║
    ║                                                                         ║
    ║ <3 Playwright Team                                                      ║
    ╚═════════════════════════════════════════════════════════════════════════╝
]]>
</failure>
</testcase>
<testcase name="Security Features Performance › audit log loads efficiently" classname="SecurityFeatures.test.ts" time="0.003">
<failure message="SecurityFeatures.test.ts:115:3 audit log loads efficiently" type="FAILURE">
<![CDATA[  [firefox] › SecurityFeatures.test.ts:115:3 › Security Features Performance › audit log loads efficiently 

    Error: browserType.launch: Executable doesn't exist at /Users/tarunrama/Library/Caches/ms-playwright/firefox-1488/firefox/Nightly.app/Contents/MacOS/firefox
    ╔═════════════════════════════════════════════════════════════════════════╗
    ║ Looks like Playwright Test or Playwright was just installed or updated. ║
    ║ Please run the following command to download new browsers:              ║
    ║                                                                         ║
    ║     npx playwright install                                              ║
    ║                                                                         ║
    ║ <3 Playwright Team                                                      ║
    ╚═════════════════════════════════════════════════════════════════════════╝
]]>
</failure>
</testcase>
</testsuite>
<testsuite name="UserDashboard.test.ts" timestamp="2025-07-17T12:25:54.326Z" hostname="firefox" tests="6" failures="6" skipped="0" time="0.024" errors="0">
<testcase name="User Dashboard Performance › dashboard loads quickly" classname="UserDashboard.test.ts" time="0.004">
<failure message="UserDashboard.test.ts:13:3 dashboard loads quickly" type="FAILURE">
<![CDATA[  [firefox] › UserDashboard.test.ts:13:3 › User Dashboard Performance › dashboard loads quickly ────

    Error: browserType.launch: Executable doesn't exist at /Users/tarunrama/Library/Caches/ms-playwright/firefox-1488/firefox/Nightly.app/Contents/MacOS/firefox
    ╔═════════════════════════════════════════════════════════════════════════╗
    ║ Looks like Playwright Test or Playwright was just installed or updated. ║
    ║ Please run the following command to download new browsers:              ║
    ║                                                                         ║
    ║     npx playwright install                                              ║
    ║                                                                         ║
    ║ <3 Playwright Team                                                      ║
    ╚═════════════════════════════════════════════════════════════════════════╝
]]>
</failure>
</testcase>
<testcase name="User Dashboard Performance › data visualizations render efficiently" classname="UserDashboard.test.ts" time="0.003">
<failure message="UserDashboard.test.ts:20:3 data visualizations render efficiently" type="FAILURE">
<![CDATA[  [firefox] › UserDashboard.test.ts:20:3 › User Dashboard Performance › data visualizations render efficiently 

    Error: browserType.launch: Executable doesn't exist at /Users/tarunrama/Library/Caches/ms-playwright/firefox-1488/firefox/Nightly.app/Contents/MacOS/firefox
    ╔═════════════════════════════════════════════════════════════════════════╗
    ║ Looks like Playwright Test or Playwright was just installed or updated. ║
    ║ Please run the following command to download new browsers:              ║
    ║                                                                         ║
    ║     npx playwright install                                              ║
    ║                                                                         ║
    ║ <3 Playwright Team                                                      ║
    ╚═════════════════════════════════════════════════════════════════════════╝
]]>
</failure>
</testcase>
<testcase name="User Dashboard Performance › transaction history loads with pagination" classname="UserDashboard.test.ts" time="0.01">
<failure message="UserDashboard.test.ts:38:3 transaction history loads with pagination" type="FAILURE">
<![CDATA[  [firefox] › UserDashboard.test.ts:38:3 › User Dashboard Performance › transaction history loads with pagination 

    Error: browserType.launch: Executable doesn't exist at /Users/tarunrama/Library/Caches/ms-playwright/firefox-1488/firefox/Nightly.app/Contents/MacOS/firefox
    ╔═════════════════════════════════════════════════════════════════════════╗
    ║ Looks like Playwright Test or Playwright was just installed or updated. ║
    ║ Please run the following command to download new browsers:              ║
    ║                                                                         ║
    ║     npx playwright install                                              ║
    ║                                                                         ║
    ║ <3 Playwright Team                                                      ║
    ╚═════════════════════════════════════════════════════════════════════════╝
]]>
</failure>
</testcase>
<testcase name="User Dashboard Performance › notification center updates in real-time" classname="UserDashboard.test.ts" time="0.001">
<failure message="UserDashboard.test.ts:61:3 notification center updates in real-time" type="FAILURE">
<![CDATA[  [firefox] › UserDashboard.test.ts:61:3 › User Dashboard Performance › notification center updates in real-time 

    Error: browserType.launch: Executable doesn't exist at /Users/tarunrama/Library/Caches/ms-playwright/firefox-1488/firefox/Nightly.app/Contents/MacOS/firefox
    ╔═════════════════════════════════════════════════════════════════════════╗
    ║ Looks like Playwright Test or Playwright was just installed or updated. ║
    ║ Please run the following command to download new browsers:              ║
    ║                                                                         ║
    ║     npx playwright install                                              ║
    ║                                                                         ║
    ║ <3 Playwright Team                                                      ║
    ╚═════════════════════════════════════════════════════════════════════════╝
]]>
</failure>
</testcase>
<testcase name="User Dashboard Performance › account settings form responds quickly" classname="UserDashboard.test.ts" time="0.003">
<failure message="UserDashboard.test.ts:82:3 account settings form responds quickly" type="FAILURE">
<![CDATA[  [firefox] › UserDashboard.test.ts:82:3 › User Dashboard Performance › account settings form responds quickly 

    Error: browserType.launch: Executable doesn't exist at /Users/tarunrama/Library/Caches/ms-playwright/firefox-1488/firefox/Nightly.app/Contents/MacOS/firefox
    ╔═════════════════════════════════════════════════════════════════════════╗
    ║ Looks like Playwright Test or Playwright was just installed or updated. ║
    ║ Please run the following command to download new browsers:              ║
    ║                                                                         ║
    ║     npx playwright install                                              ║
    ║                                                                         ║
    ║ <3 Playwright Team                                                      ║
    ╚═════════════════════════════════════════════════════════════════════════╝
]]>
</failure>
</testcase>
<testcase name="User Dashboard Performance › dashboard is responsive on mobile" classname="UserDashboard.test.ts" time="0.003">
<failure message="UserDashboard.test.ts:100:3 dashboard is responsive on mobile" type="FAILURE">
<![CDATA[  [firefox] › UserDashboard.test.ts:100:3 › User Dashboard Performance › dashboard is responsive on mobile 

    Error: browserType.launch: Executable doesn't exist at /Users/tarunrama/Library/Caches/ms-playwright/firefox-1488/firefox/Nightly.app/Contents/MacOS/firefox
    ╔═════════════════════════════════════════════════════════════════════════╗
    ║ Looks like Playwright Test or Playwright was just installed or updated. ║
    ║ Please run the following command to download new browsers:              ║
    ║                                                                         ║
    ║     npx playwright install                                              ║
    ║                                                                         ║
    ║ <3 Playwright Team                                                      ║
    ╚═════════════════════════════════════════════════════════════════════════╝
]]>
</failure>
</testcase>
</testsuite>
<testsuite name="Forms.test.ts" timestamp="2025-07-17T12:25:54.326Z" hostname="webkit" tests="7" failures="7" skipped="0" time="0.017" errors="0">
<testcase name="Form Performance › form components load efficiently" classname="Forms.test.ts" time="0.001">
<failure message="Forms.test.ts:8:3 form components load efficiently" type="FAILURE">
<![CDATA[  [webkit] › Forms.test.ts:8:3 › Form Performance › form components load efficiently ───────────────

    Error: browserType.launch: Executable doesn't exist at /Users/tarunrama/Library/Caches/ms-playwright/webkit-2182/pw_run.sh
    ╔═════════════════════════════════════════════════════════════════════════╗
    ║ Looks like Playwright Test or Playwright was just installed or updated. ║
    ║ Please run the following command to download new browsers:              ║
    ║                                                                         ║
    ║     npx playwright install                                              ║
    ║                                                                         ║
    ║ <3 Playwright Team                                                      ║
    ╚═════════════════════════════════════════════════════════════════════════╝
]]>
</failure>
</testcase>
<testcase name="Form Performance › input validation is responsive" classname="Forms.test.ts" time="0.002">
<failure message="Forms.test.ts:23:3 input validation is responsive" type="FAILURE">
<![CDATA[  [webkit] › Forms.test.ts:23:3 › Form Performance › input validation is responsive ────────────────

    Error: browserType.launch: Executable doesn't exist at /Users/tarunrama/Library/Caches/ms-playwright/webkit-2182/pw_run.sh
    ╔═════════════════════════════════════════════════════════════════════════╗
    ║ Looks like Playwright Test or Playwright was just installed or updated. ║
    ║ Please run the following command to download new browsers:              ║
    ║                                                                         ║
    ║     npx playwright install                                              ║
    ║                                                                         ║
    ║ <3 Playwright Team                                                      ║
    ╚═════════════════════════════════════════════════════════════════════════╝
]]>
</failure>
</testcase>
<testcase name="Form Performance › form submission is non-blocking" classname="Forms.test.ts" time="0.003">
<failure message="Forms.test.ts:41:3 form submission is non-blocking" type="FAILURE">
<![CDATA[  [webkit] › Forms.test.ts:41:3 › Form Performance › form submission is non-blocking ───────────────

    Error: browserType.launch: Executable doesn't exist at /Users/tarunrama/Library/Caches/ms-playwright/webkit-2182/pw_run.sh
    ╔═════════════════════════════════════════════════════════════════════════╗
    ║ Looks like Playwright Test or Playwright was just installed or updated. ║
    ║ Please run the following command to download new browsers:              ║
    ║                                                                         ║
    ║     npx playwright install                                              ║
    ║                                                                         ║
    ║ <3 Playwright Team                                                      ║
    ╚═════════════════════════════════════════════════════════════════════════╝
]]>
</failure>
</testcase>
<testcase name="Form Performance › form controls are responsive" classname="Forms.test.ts" time="0.002">
<failure message="Forms.test.ts:72:3 form controls are responsive" type="FAILURE">
<![CDATA[  [webkit] › Forms.test.ts:72:3 › Form Performance › form controls are responsive ──────────────────

    Error: browserType.launch: Executable doesn't exist at /Users/tarunrama/Library/Caches/ms-playwright/webkit-2182/pw_run.sh
    ╔═════════════════════════════════════════════════════════════════════════╗
    ║ Looks like Playwright Test or Playwright was just installed or updated. ║
    ║ Please run the following command to download new browsers:              ║
    ║                                                                         ║
    ║     npx playwright install                                              ║
    ║                                                                         ║
    ║ <3 Playwright Team                                                      ║
    ╚═════════════════════════════════════════════════════════════════════════╝
]]>
</failure>
</testcase>
<testcase name="Form Performance › form reset is immediate" classname="Forms.test.ts" time="0.002">
<failure message="Forms.test.ts:97:3 form reset is immediate" type="FAILURE">
<![CDATA[  [webkit] › Forms.test.ts:97:3 › Form Performance › form reset is immediate ───────────────────────

    Error: browserType.launch: Executable doesn't exist at /Users/tarunrama/Library/Caches/ms-playwright/webkit-2182/pw_run.sh
    ╔═════════════════════════════════════════════════════════════════════════╗
    ║ Looks like Playwright Test or Playwright was just installed or updated. ║
    ║ Please run the following command to download new browsers:              ║
    ║                                                                         ║
    ║     npx playwright install                                              ║
    ║                                                                         ║
    ║ <3 Playwright Team                                                      ║
    ╚═════════════════════════════════════════════════════════════════════════╝
]]>
</failure>
</testcase>
<testcase name="Form Performance › form validation handles rapid input" classname="Forms.test.ts" time="0.006">
<failure message="Forms.test.ts:116:3 form validation handles rapid input" type="FAILURE">
<![CDATA[  [webkit] › Forms.test.ts:116:3 › Form Performance › form validation handles rapid input ──────────

    Error: browserType.launch: Executable doesn't exist at /Users/tarunrama/Library/Caches/ms-playwright/webkit-2182/pw_run.sh
    ╔═════════════════════════════════════════════════════════════════════════╗
    ║ Looks like Playwright Test or Playwright was just installed or updated. ║
    ║ Please run the following command to download new browsers:              ║
    ║                                                                         ║
    ║     npx playwright install                                              ║
    ║                                                                         ║
    ║ <3 Playwright Team                                                      ║
    ╚═════════════════════════════════════════════════════════════════════════╝
]]>
</failure>
</testcase>
<testcase name="Form Performance › form handles large datasets efficiently" classname="Forms.test.ts" time="0.001">
<failure message="Forms.test.ts:134:3 form handles large datasets efficiently" type="FAILURE">
<![CDATA[  [webkit] › Forms.test.ts:134:3 › Form Performance › form handles large datasets efficiently ──────

    Error: browserType.launch: Executable doesn't exist at /Users/tarunrama/Library/Caches/ms-playwright/webkit-2182/pw_run.sh
    ╔═════════════════════════════════════════════════════════════════════════╗
    ║ Looks like Playwright Test or Playwright was just installed or updated. ║
    ║ Please run the following command to download new browsers:              ║
    ║                                                                         ║
    ║     npx playwright install                                              ║
    ║                                                                         ║
    ║ <3 Playwright Team                                                      ║
    ╚═════════════════════════════════════════════════════════════════════════╝
]]>
</failure>
</testcase>
</testsuite>
<testsuite name="Layout.test.ts" timestamp="2025-07-17T12:25:54.326Z" hostname="webkit" tests="7" failures="7" skipped="0" time="0.013" errors="0">
<testcase name="Layout Performance › layout components load quickly" classname="Layout.test.ts" time="0.002">
<failure message="Layout.test.ts:8:3 layout components load quickly" type="FAILURE">
<![CDATA[  [webkit] › Layout.test.ts:8:3 › Layout Performance › layout components load quickly ──────────────

    Error: browserType.launch: Executable doesn't exist at /Users/tarunrama/Library/Caches/ms-playwright/webkit-2182/pw_run.sh
    ╔═════════════════════════════════════════════════════════════════════════╗
    ║ Looks like Playwright Test or Playwright was just installed or updated. ║
    ║ Please run the following command to download new browsers:              ║
    ║                                                                         ║
    ║     npx playwright install                                              ║
    ║                                                                         ║
    ║ <3 Playwright Team                                                      ║
    ╚═════════════════════════════════════════════════════════════════════════╝
]]>
</failure>
</testcase>
<testcase name="Layout Performance › layout is responsive across breakpoints" classname="Layout.test.ts" time="0.001">
<failure message="Layout.test.ts:23:3 layout is responsive across breakpoints" type="FAILURE">
<![CDATA[  [webkit] › Layout.test.ts:23:3 › Layout Performance › layout is responsive across breakpoints ────

    Error: browserType.launch: Executable doesn't exist at /Users/tarunrama/Library/Caches/ms-playwright/webkit-2182/pw_run.sh
    ╔═════════════════════════════════════════════════════════════════════════╗
    ║ Looks like Playwright Test or Playwright was just installed or updated. ║
    ║ Please run the following command to download new browsers:              ║
    ║                                                                         ║
    ║     npx playwright install                                              ║
    ║                                                                         ║
    ║ <3 Playwright Team                                                      ║
    ╚═════════════════════════════════════════════════════════════════════════╝
]]>
</failure>
</testcase>
<testcase name="Layout Performance › sidebar transitions smoothly" classname="Layout.test.ts" time="0.001">
<failure message="Layout.test.ts:46:3 sidebar transitions smoothly" type="FAILURE">
<![CDATA[  [webkit] › Layout.test.ts:46:3 › Layout Performance › sidebar transitions smoothly ───────────────

    Error: browserType.launch: Executable doesn't exist at /Users/tarunrama/Library/Caches/ms-playwright/webkit-2182/pw_run.sh
    ╔═════════════════════════════════════════════════════════════════════════╗
    ║ Looks like Playwright Test or Playwright was just installed or updated. ║
    ║ Please run the following command to download new browsers:              ║
    ║                                                                         ║
    ║     npx playwright install                                              ║
    ║                                                                         ║
    ║ <3 Playwright Team                                                      ║
    ╚═════════════════════════════════════════════════════════════════════════╝
]]>
</failure>
</testcase>
<testcase name="Layout Performance › header components are efficient" classname="Layout.test.ts" time="0.003">
<failure message="Layout.test.ts:65:3 header components are efficient" type="FAILURE">
<![CDATA[  [webkit] › Layout.test.ts:65:3 › Layout Performance › header components are efficient ────────────

    Error: browserType.launch: Executable doesn't exist at /Users/tarunrama/Library/Caches/ms-playwright/webkit-2182/pw_run.sh
    ╔═════════════════════════════════════════════════════════════════════════╗
    ║ Looks like Playwright Test or Playwright was just installed or updated. ║
    ║ Please run the following command to download new browsers:              ║
    ║                                                                         ║
    ║     npx playwright install                                              ║
    ║                                                                         ║
    ║ <3 Playwright Team                                                      ║
    ╚═════════════════════════════════════════════════════════════════════════╝
]]>
</failure>
</testcase>
<testcase name="Layout Performance › footer loads lazily" classname="Layout.test.ts" time="0.002">
<failure message="Layout.test.ts:82:3 footer loads lazily" type="FAILURE">
<![CDATA[  [webkit] › Layout.test.ts:82:3 › Layout Performance › footer loads lazily ────────────────────────

    Error: browserType.launch: Executable doesn't exist at /Users/tarunrama/Library/Caches/ms-playwright/webkit-2182/pw_run.sh
    ╔═════════════════════════════════════════════════════════════════════════╗
    ║ Looks like Playwright Test or Playwright was just installed or updated. ║
    ║ Please run the following command to download new browsers:              ║
    ║                                                                         ║
    ║     npx playwright install                                              ║
    ║                                                                         ║
    ║ <3 Playwright Team                                                      ║
    ╚═════════════════════════════════════════════════════════════════════════╝
]]>
</failure>
</testcase>
<testcase name="Layout Performance › theme switching is performant" classname="Layout.test.ts" time="0.002">
<failure message="Layout.test.ts:97:3 theme switching is performant" type="FAILURE">
<![CDATA[  [webkit] › Layout.test.ts:97:3 › Layout Performance › theme switching is performant ──────────────

    Error: browserType.launch: Executable doesn't exist at /Users/tarunrama/Library/Caches/ms-playwright/webkit-2182/pw_run.sh
    ╔═════════════════════════════════════════════════════════════════════════╗
    ║ Looks like Playwright Test or Playwright was just installed or updated. ║
    ║ Please run the following command to download new browsers:              ║
    ║                                                                         ║
    ║     npx playwright install                                              ║
    ║                                                                         ║
    ║ <3 Playwright Team                                                      ║
    ╚═════════════════════════════════════════════════════════════════════════╝
]]>
</failure>
</testcase>
<testcase name="Layout Performance › layout handles dynamic content updates" classname="Layout.test.ts" time="0.002">
<failure message="Layout.test.ts:115:3 layout handles dynamic content updates" type="FAILURE">
<![CDATA[  [webkit] › Layout.test.ts:115:3 › Layout Performance › layout handles dynamic content updates ────

    Error: browserType.launch: Executable doesn't exist at /Users/tarunrama/Library/Caches/ms-playwright/webkit-2182/pw_run.sh
    ╔═════════════════════════════════════════════════════════════════════════╗
    ║ Looks like Playwright Test or Playwright was just installed or updated. ║
    ║ Please run the following command to download new browsers:              ║
    ║                                                                         ║
    ║     npx playwright install                                              ║
    ║                                                                         ║
    ║ <3 Playwright Team                                                      ║
    ╚═════════════════════════════════════════════════════════════════════════╝
]]>
</failure>
</testcase>
</testsuite>
<testsuite name="Navigation.test.ts" timestamp="2025-07-17T12:25:54.326Z" hostname="webkit" tests="4" failures="4" skipped="0" time="0.014" errors="0">
<testcase name="Navigation Performance › navigation menu loads quickly" classname="Navigation.test.ts" time="0.005">
<failure message="Navigation.test.ts:8:3 navigation menu loads quickly" type="FAILURE">
<![CDATA[  [webkit] › Navigation.test.ts:8:3 › Navigation Performance › navigation menu loads quickly ───────

    Error: browserType.launch: Executable doesn't exist at /Users/tarunrama/Library/Caches/ms-playwright/webkit-2182/pw_run.sh
    ╔═════════════════════════════════════════════════════════════════════════╗
    ║ Looks like Playwright Test or Playwright was just installed or updated. ║
    ║ Please run the following command to download new browsers:              ║
    ║                                                                         ║
    ║     npx playwright install                                              ║
    ║                                                                         ║
    ║ <3 Playwright Team                                                      ║
    ╚═════════════════════════════════════════════════════════════════════════╝
]]>
</failure>
</testcase>
<testcase name="Navigation Performance › dropdown menus open smoothly" classname="Navigation.test.ts" time="0.002">
<failure message="Navigation.test.ts:15:3 dropdown menus open smoothly" type="FAILURE">
<![CDATA[  [webkit] › Navigation.test.ts:15:3 › Navigation Performance › dropdown menus open smoothly ───────

    Error: browserType.launch: Executable doesn't exist at /Users/tarunrama/Library/Caches/ms-playwright/webkit-2182/pw_run.sh
    ╔═════════════════════════════════════════════════════════════════════════╗
    ║ Looks like Playwright Test or Playwright was just installed or updated. ║
    ║ Please run the following command to download new browsers:              ║
    ║                                                                         ║
    ║     npx playwright install                                              ║
    ║                                                                         ║
    ║ <3 Playwright Team                                                      ║
    ╚═════════════════════════════════════════════════════════════════════════╝
]]>
</failure>
</testcase>
<testcase name="Navigation Performance › mobile menu toggle is responsive" classname="Navigation.test.ts" time="0.005">
<failure message="Navigation.test.ts:33:3 mobile menu toggle is responsive" type="FAILURE">
<![CDATA[  [webkit] › Navigation.test.ts:33:3 › Navigation Performance › mobile menu toggle is responsive ───

    Error: browserType.launch: Executable doesn't exist at /Users/tarunrama/Library/Caches/ms-playwright/webkit-2182/pw_run.sh
    ╔═════════════════════════════════════════════════════════════════════════╗
    ║ Looks like Playwright Test or Playwright was just installed or updated. ║
    ║ Please run the following command to download new browsers:              ║
    ║                                                                         ║
    ║     npx playwright install                                              ║
    ║                                                                         ║
    ║ <3 Playwright Team                                                      ║
    ╚═════════════════════════════════════════════════════════════════════════╝
]]>
</failure>
</testcase>
<testcase name="Navigation Performance › navigation is accessible" classname="Navigation.test.ts" time="0.002">
<failure message="Navigation.test.ts:54:3 navigation is accessible" type="FAILURE">
<![CDATA[  [webkit] › Navigation.test.ts:54:3 › Navigation Performance › navigation is accessible ───────────

    Error: browserType.launch: Executable doesn't exist at /Users/tarunrama/Library/Caches/ms-playwright/webkit-2182/pw_run.sh
    ╔═════════════════════════════════════════════════════════════════════════╗
    ║ Looks like Playwright Test or Playwright was just installed or updated. ║
    ║ Please run the following command to download new browsers:              ║
    ║                                                                         ║
    ║     npx playwright install                                              ║
    ║                                                                         ║
    ║ <3 Playwright Team                                                      ║
    ╚═════════════════════════════════════════════════════════════════════════╝
]]>
</failure>
</testcase>
</testsuite>
<testsuite name="Search.test.ts" timestamp="2025-07-17T12:25:54.326Z" hostname="webkit" tests="5" failures="5" skipped="0" time="0.04" errors="0">
<testcase name="Search Performance › search input responds quickly" classname="Search.test.ts" time="0.016">
<failure message="Search.test.ts:8:3 search input responds quickly" type="FAILURE">
<![CDATA[  [webkit] › Search.test.ts:8:3 › Search Performance › search input responds quickly ───────────────

    Error: browserType.launch: Executable doesn't exist at /Users/tarunrama/Library/Caches/ms-playwright/webkit-2182/pw_run.sh
    ╔═════════════════════════════════════════════════════════════════════════╗
    ║ Looks like Playwright Test or Playwright was just installed or updated. ║
    ║ Please run the following command to download new browsers:              ║
    ║                                                                         ║
    ║     npx playwright install                                              ║
    ║                                                                         ║
    ║ <3 Playwright Team                                                      ║
    ╚═════════════════════════════════════════════════════════════════════════╝
]]>
</failure>
</testcase>
<testcase name="Search Performance › search suggestions appear promptly" classname="Search.test.ts" time="0.012">
<failure message="Search.test.ts:18:3 search suggestions appear promptly" type="FAILURE">
<![CDATA[  [webkit] › Search.test.ts:18:3 › Search Performance › search suggestions appear promptly ─────────

    Error: browserType.launch: Executable doesn't exist at /Users/tarunrama/Library/Caches/ms-playwright/webkit-2182/pw_run.sh
    ╔═════════════════════════════════════════════════════════════════════════╗
    ║ Looks like Playwright Test or Playwright was just installed or updated. ║
    ║ Please run the following command to download new browsers:              ║
    ║                                                                         ║
    ║     npx playwright install                                              ║
    ║                                                                         ║
    ║ <3 Playwright Team                                                      ║
    ╚═════════════════════════════════════════════════════════════════════════╝
]]>
</failure>
</testcase>
<testcase name="Search Performance › search results load efficiently" classname="Search.test.ts" time="0.004">
<failure message="Search.test.ts:37:3 search results load efficiently" type="FAILURE">
<![CDATA[  [webkit] › Search.test.ts:37:3 › Search Performance › search results load efficiently ────────────

    Error: browserType.launch: Executable doesn't exist at /Users/tarunrama/Library/Caches/ms-playwright/webkit-2182/pw_run.sh
    ╔═════════════════════════════════════════════════════════════════════════╗
    ║ Looks like Playwright Test or Playwright was just installed or updated. ║
    ║ Please run the following command to download new browsers:              ║
    ║                                                                         ║
    ║     npx playwright install                                              ║
    ║                                                                         ║
    ║ <3 Playwright Team                                                      ║
    ╚═════════════════════════════════════════════════════════════════════════╝
]]>
</failure>
</testcase>
<testcase name="Search Performance › search filters apply quickly" classname="Search.test.ts" time="0.006">
<failure message="Search.test.ts:57:3 search filters apply quickly" type="FAILURE">
<![CDATA[  [webkit] › Search.test.ts:57:3 › Search Performance › search filters apply quickly ───────────────

    Error: browserType.launch: Executable doesn't exist at /Users/tarunrama/Library/Caches/ms-playwright/webkit-2182/pw_run.sh
    ╔═════════════════════════════════════════════════════════════════════════╗
    ║ Looks like Playwright Test or Playwright was just installed or updated. ║
    ║ Please run the following command to download new browsers:              ║
    ║                                                                         ║
    ║     npx playwright install                                              ║
    ║                                                                         ║
    ║ <3 Playwright Team                                                      ║
    ╚═════════════════════════════════════════════════════════════════════════╝
]]>
</failure>
</testcase>
<testcase name="Search Performance › search is keyboard accessible" classname="Search.test.ts" time="0.002">
<failure message="Search.test.ts:73:3 search is keyboard accessible" type="FAILURE">
<![CDATA[  [webkit] › Search.test.ts:73:3 › Search Performance › search is keyboard accessible ──────────────

    Error: browserType.launch: Executable doesn't exist at /Users/tarunrama/Library/Caches/ms-playwright/webkit-2182/pw_run.sh
    ╔═════════════════════════════════════════════════════════════════════════╗
    ║ Looks like Playwright Test or Playwright was just installed or updated. ║
    ║ Please run the following command to download new browsers:              ║
    ║                                                                         ║
    ║     npx playwright install                                              ║
    ║                                                                         ║
    ║ <3 Playwright Team                                                      ║
    ╚═════════════════════════════════════════════════════════════════════════╝
]]>
</failure>
</testcase>
</testsuite>
<testsuite name="SecurityFeatures.test.ts" timestamp="2025-07-17T12:25:54.326Z" hostname="webkit" tests="6" failures="6" skipped="0" time="0.019" errors="0">
<testcase name="Security Features Performance › authentication flow is responsive" classname="SecurityFeatures.test.ts" time="0.004">
<failure message="SecurityFeatures.test.ts:13:3 authentication flow is responsive" type="FAILURE">
<![CDATA[  [webkit] › SecurityFeatures.test.ts:13:3 › Security Features Performance › authentication flow is responsive 

    Error: browserType.launch: Executable doesn't exist at /Users/tarunrama/Library/Caches/ms-playwright/webkit-2182/pw_run.sh
    ╔═════════════════════════════════════════════════════════════════════════╗
    ║ Looks like Playwright Test or Playwright was just installed or updated. ║
    ║ Please run the following command to download new browsers:              ║
    ║                                                                         ║
    ║     npx playwright install                                              ║
    ║                                                                         ║
    ║ <3 Playwright Team                                                      ║
    ╚═════════════════════════════════════════════════════════════════════════╝
]]>
</failure>
</testcase>
<testcase name="Security Features Performance › wallet connection is efficient" classname="SecurityFeatures.test.ts" time="0.003">
<failure message="SecurityFeatures.test.ts:34:3 wallet connection is efficient" type="FAILURE">
<![CDATA[  [webkit] › SecurityFeatures.test.ts:34:3 › Security Features Performance › wallet connection is efficient 

    Error: browserType.launch: Executable doesn't exist at /Users/tarunrama/Library/Caches/ms-playwright/webkit-2182/pw_run.sh
    ╔═════════════════════════════════════════════════════════════════════════╗
    ║ Looks like Playwright Test or Playwright was just installed or updated. ║
    ║ Please run the following command to download new browsers:              ║
    ║                                                                         ║
    ║     npx playwright install                                              ║
    ║                                                                         ║
    ║ <3 Playwright Team                                                      ║
    ╚═════════════════════════════════════════════════════════════════════════╝
]]>
</failure>
</testcase>
<testcase name="Security Features Performance › transaction signing is non-blocking" classname="SecurityFeatures.test.ts" time="0.002">
<failure message="SecurityFeatures.test.ts:49:3 transaction signing is non-blocking" type="FAILURE">
<![CDATA[  [webkit] › SecurityFeatures.test.ts:49:3 › Security Features Performance › transaction signing is non-blocking 

    Error: browserType.launch: Executable doesn't exist at /Users/tarunrama/Library/Caches/ms-playwright/webkit-2182/pw_run.sh
    ╔═════════════════════════════════════════════════════════════════════════╗
    ║ Looks like Playwright Test or Playwright was just installed or updated. ║
    ║ Please run the following command to download new browsers:              ║
    ║                                                                         ║
    ║     npx playwright install                                              ║
    ║                                                                         ║
    ║ <3 Playwright Team                                                      ║
    ╚═════════════════════════════════════════════════════════════════════════╝
]]>
</failure>
</testcase>
<testcase name="Security Features Performance › authorization checks are cached" classname="SecurityFeatures.test.ts" time="0.004">
<failure message="SecurityFeatures.test.ts:79:3 authorization checks are cached" type="FAILURE">
<![CDATA[  [webkit] › SecurityFeatures.test.ts:79:3 › Security Features Performance › authorization checks are cached 

    Error: browserType.launch: Executable doesn't exist at /Users/tarunrama/Library/Caches/ms-playwright/webkit-2182/pw_run.sh
    ╔═════════════════════════════════════════════════════════════════════════╗
    ║ Looks like Playwright Test or Playwright was just installed or updated. ║
    ║ Please run the following command to download new browsers:              ║
    ║                                                                         ║
    ║     npx playwright install                                              ║
    ║                                                                         ║
    ║ <3 Playwright Team                                                      ║
    ╚═════════════════════════════════════════════════════════════════════════╝
]]>
</failure>
</testcase>
<testcase name="Security Features Performance › security settings updates are responsive" classname="SecurityFeatures.test.ts" time="0.002">
<failure message="SecurityFeatures.test.ts:96:3 security settings updates are responsive" type="FAILURE">
<![CDATA[  [webkit] › SecurityFeatures.test.ts:96:3 › Security Features Performance › security settings updates are responsive 

    Error: browserType.launch: Executable doesn't exist at /Users/tarunrama/Library/Caches/ms-playwright/webkit-2182/pw_run.sh
    ╔═════════════════════════════════════════════════════════════════════════╗
    ║ Looks like Playwright Test or Playwright was just installed or updated. ║
    ║ Please run the following command to download new browsers:              ║
    ║                                                                         ║
    ║     npx playwright install                                              ║
    ║                                                                         ║
    ║ <3 Playwright Team                                                      ║
    ╚═════════════════════════════════════════════════════════════════════════╝
]]>
</failure>
</testcase>
<testcase name="Security Features Performance › audit log loads efficiently" classname="SecurityFeatures.test.ts" time="0.004">
<failure message="SecurityFeatures.test.ts:115:3 audit log loads efficiently" type="FAILURE">
<![CDATA[  [webkit] › SecurityFeatures.test.ts:115:3 › Security Features Performance › audit log loads efficiently 

    Error: browserType.launch: Executable doesn't exist at /Users/tarunrama/Library/Caches/ms-playwright/webkit-2182/pw_run.sh
    ╔═════════════════════════════════════════════════════════════════════════╗
    ║ Looks like Playwright Test or Playwright was just installed or updated. ║
    ║ Please run the following command to download new browsers:              ║
    ║                                                                         ║
    ║     npx playwright install                                              ║
    ║                                                                         ║
    ║ <3 Playwright Team                                                      ║
    ╚═════════════════════════════════════════════════════════════════════════╝
]]>
</failure>
</testcase>
</testsuite>
<testsuite name="UserDashboard.test.ts" timestamp="2025-07-17T12:25:54.326Z" hostname="webkit" tests="6" failures="6" skipped="0" time="0.029" errors="0">
<testcase name="User Dashboard Performance › dashboard loads quickly" classname="UserDashboard.test.ts" time="0.005">
<failure message="UserDashboard.test.ts:13:3 dashboard loads quickly" type="FAILURE">
<![CDATA[  [webkit] › UserDashboard.test.ts:13:3 › User Dashboard Performance › dashboard loads quickly ─────

    Error: browserType.launch: Executable doesn't exist at /Users/tarunrama/Library/Caches/ms-playwright/webkit-2182/pw_run.sh
    ╔═════════════════════════════════════════════════════════════════════════╗
    ║ Looks like Playwright Test or Playwright was just installed or updated. ║
    ║ Please run the following command to download new browsers:              ║
    ║                                                                         ║
    ║     npx playwright install                                              ║
    ║                                                                         ║
    ║ <3 Playwright Team                                                      ║
    ╚═════════════════════════════════════════════════════════════════════════╝
]]>
</failure>
</testcase>
<testcase name="User Dashboard Performance › data visualizations render efficiently" classname="UserDashboard.test.ts" time="0.005">
<failure message="UserDashboard.test.ts:20:3 data visualizations render efficiently" type="FAILURE">
<![CDATA[  [webkit] › UserDashboard.test.ts:20:3 › User Dashboard Performance › data visualizations render efficiently 

    Error: browserType.launch: Executable doesn't exist at /Users/tarunrama/Library/Caches/ms-playwright/webkit-2182/pw_run.sh
    ╔═════════════════════════════════════════════════════════════════════════╗
    ║ Looks like Playwright Test or Playwright was just installed or updated. ║
    ║ Please run the following command to download new browsers:              ║
    ║                                                                         ║
    ║     npx playwright install                                              ║
    ║                                                                         ║
    ║ <3 Playwright Team                                                      ║
    ╚═════════════════════════════════════════════════════════════════════════╝
]]>
</failure>
</testcase>
<testcase name="User Dashboard Performance › transaction history loads with pagination" classname="UserDashboard.test.ts" time="0.004">
<failure message="UserDashboard.test.ts:38:3 transaction history loads with pagination" type="FAILURE">
<![CDATA[  [webkit] › UserDashboard.test.ts:38:3 › User Dashboard Performance › transaction history loads with pagination 

    Error: browserType.launch: Executable doesn't exist at /Users/tarunrama/Library/Caches/ms-playwright/webkit-2182/pw_run.sh
    ╔═════════════════════════════════════════════════════════════════════════╗
    ║ Looks like Playwright Test or Playwright was just installed or updated. ║
    ║ Please run the following command to download new browsers:              ║
    ║                                                                         ║
    ║     npx playwright install                                              ║
    ║                                                                         ║
    ║ <3 Playwright Team                                                      ║
    ╚═════════════════════════════════════════════════════════════════════════╝
]]>
</failure>
</testcase>
<testcase name="User Dashboard Performance › notification center updates in real-time" classname="UserDashboard.test.ts" time="0.007">
<failure message="UserDashboard.test.ts:61:3 notification center updates in real-time" type="FAILURE">
<![CDATA[  [webkit] › UserDashboard.test.ts:61:3 › User Dashboard Performance › notification center updates in real-time 

    Error: browserType.launch: Executable doesn't exist at /Users/tarunrama/Library/Caches/ms-playwright/webkit-2182/pw_run.sh
    ╔═════════════════════════════════════════════════════════════════════════╗
    ║ Looks like Playwright Test or Playwright was just installed or updated. ║
    ║ Please run the following command to download new browsers:              ║
    ║                                                                         ║
    ║     npx playwright install                                              ║
    ║                                                                         ║
    ║ <3 Playwright Team                                                      ║
    ╚═════════════════════════════════════════════════════════════════════════╝
]]>
</failure>
</testcase>
<testcase name="User Dashboard Performance › account settings form responds quickly" classname="UserDashboard.test.ts" time="0.002">
<failure message="UserDashboard.test.ts:82:3 account settings form responds quickly" type="FAILURE">
<![CDATA[  [webkit] › UserDashboard.test.ts:82:3 › User Dashboard Performance › account settings form responds quickly 

    Error: browserType.launch: Executable doesn't exist at /Users/tarunrama/Library/Caches/ms-playwright/webkit-2182/pw_run.sh
    ╔═════════════════════════════════════════════════════════════════════════╗
    ║ Looks like Playwright Test or Playwright was just installed or updated. ║
    ║ Please run the following command to download new browsers:              ║
    ║                                                                         ║
    ║     npx playwright install                                              ║
    ║                                                                         ║
    ║ <3 Playwright Team                                                      ║
    ╚═════════════════════════════════════════════════════════════════════════╝
]]>
</failure>
</testcase>
<testcase name="User Dashboard Performance › dashboard is responsive on mobile" classname="UserDashboard.test.ts" time="0.006">
<failure message="UserDashboard.test.ts:100:3 dashboard is responsive on mobile" type="FAILURE">
<![CDATA[  [webkit] › UserDashboard.test.ts:100:3 › User Dashboard Performance › dashboard is responsive on mobile 

    Error: browserType.launch: Executable doesn't exist at /Users/tarunrama/Library/Caches/ms-playwright/webkit-2182/pw_run.sh
    ╔═════════════════════════════════════════════════════════════════════════╗
    ║ Looks like Playwright Test or Playwright was just installed or updated. ║
    ║ Please run the following command to download new browsers:              ║
    ║                                                                         ║
    ║     npx playwright install                                              ║
    ║                                                                         ║
    ║ <3 Playwright Team                                                      ║
    ╚═════════════════════════════════════════════════════════════════════════╝
]]>
</failure>
</testcase>
</testsuite>
<testsuite name="Forms.test.ts" timestamp="2025-07-17T12:25:54.326Z" hostname="Mobile Chrome" tests="7" failures="7" skipped="0" time="0.024" errors="0">
<testcase name="Form Performance › form components load efficiently" classname="Forms.test.ts" time="0.005">
<failure message="Forms.test.ts:8:3 form components load efficiently" type="FAILURE">
<![CDATA[  [Mobile Chrome] › Forms.test.ts:8:3 › Form Performance › form components load efficiently ────────

    Error: browserType.launch: Executable doesn't exist at /Users/tarunrama/Library/Caches/ms-playwright/chromium_headless_shell-1179/chrome-mac/headless_shell
    ╔═════════════════════════════════════════════════════════════════════════╗
    ║ Looks like Playwright Test or Playwright was just installed or updated. ║
    ║ Please run the following command to download new browsers:              ║
    ║                                                                         ║
    ║     npx playwright install                                              ║
    ║                                                                         ║
    ║ <3 Playwright Team                                                      ║
    ╚═════════════════════════════════════════════════════════════════════════╝
]]>
</failure>
</testcase>
<testcase name="Form Performance › input validation is responsive" classname="Forms.test.ts" time="0.006">
<failure message="Forms.test.ts:23:3 input validation is responsive" type="FAILURE">
<![CDATA[  [Mobile Chrome] › Forms.test.ts:23:3 › Form Performance › input validation is responsive ─────────

    Error: browserType.launch: Executable doesn't exist at /Users/tarunrama/Library/Caches/ms-playwright/chromium_headless_shell-1179/chrome-mac/headless_shell
    ╔═════════════════════════════════════════════════════════════════════════╗
    ║ Looks like Playwright Test or Playwright was just installed or updated. ║
    ║ Please run the following command to download new browsers:              ║
    ║                                                                         ║
    ║     npx playwright install                                              ║
    ║                                                                         ║
    ║ <3 Playwright Team                                                      ║
    ╚═════════════════════════════════════════════════════════════════════════╝
]]>
</failure>
</testcase>
<testcase name="Form Performance › form submission is non-blocking" classname="Forms.test.ts" time="0.002">
<failure message="Forms.test.ts:41:3 form submission is non-blocking" type="FAILURE">
<![CDATA[  [Mobile Chrome] › Forms.test.ts:41:3 › Form Performance › form submission is non-blocking ────────

    Error: browserType.launch: Executable doesn't exist at /Users/tarunrama/Library/Caches/ms-playwright/chromium_headless_shell-1179/chrome-mac/headless_shell
    ╔═════════════════════════════════════════════════════════════════════════╗
    ║ Looks like Playwright Test or Playwright was just installed or updated. ║
    ║ Please run the following command to download new browsers:              ║
    ║                                                                         ║
    ║     npx playwright install                                              ║
    ║                                                                         ║
    ║ <3 Playwright Team                                                      ║
    ╚═════════════════════════════════════════════════════════════════════════╝
]]>
</failure>
</testcase>
<testcase name="Form Performance › form controls are responsive" classname="Forms.test.ts" time="0.004">
<failure message="Forms.test.ts:72:3 form controls are responsive" type="FAILURE">
<![CDATA[  [Mobile Chrome] › Forms.test.ts:72:3 › Form Performance › form controls are responsive ───────────

    Error: browserType.launch: Executable doesn't exist at /Users/tarunrama/Library/Caches/ms-playwright/chromium_headless_shell-1179/chrome-mac/headless_shell
    ╔═════════════════════════════════════════════════════════════════════════╗
    ║ Looks like Playwright Test or Playwright was just installed or updated. ║
    ║ Please run the following command to download new browsers:              ║
    ║                                                                         ║
    ║     npx playwright install                                              ║
    ║                                                                         ║
    ║ <3 Playwright Team                                                      ║
    ╚═════════════════════════════════════════════════════════════════════════╝
]]>
</failure>
</testcase>
<testcase name="Form Performance › form reset is immediate" classname="Forms.test.ts" time="0.003">
<failure message="Forms.test.ts:97:3 form reset is immediate" type="FAILURE">
<![CDATA[  [Mobile Chrome] › Forms.test.ts:97:3 › Form Performance › form reset is immediate ────────────────

    Error: browserType.launch: Executable doesn't exist at /Users/tarunrama/Library/Caches/ms-playwright/chromium_headless_shell-1179/chrome-mac/headless_shell
    ╔═════════════════════════════════════════════════════════════════════════╗
    ║ Looks like Playwright Test or Playwright was just installed or updated. ║
    ║ Please run the following command to download new browsers:              ║
    ║                                                                         ║
    ║     npx playwright install                                              ║
    ║                                                                         ║
    ║ <3 Playwright Team                                                      ║
    ╚═════════════════════════════════════════════════════════════════════════╝
]]>
</failure>
</testcase>
<testcase name="Form Performance › form validation handles rapid input" classname="Forms.test.ts" time="0.002">
<failure message="Forms.test.ts:116:3 form validation handles rapid input" type="FAILURE">
<![CDATA[  [Mobile Chrome] › Forms.test.ts:116:3 › Form Performance › form validation handles rapid input ───

    Error: browserType.launch: Executable doesn't exist at /Users/tarunrama/Library/Caches/ms-playwright/chromium_headless_shell-1179/chrome-mac/headless_shell
    ╔═════════════════════════════════════════════════════════════════════════╗
    ║ Looks like Playwright Test or Playwright was just installed or updated. ║
    ║ Please run the following command to download new browsers:              ║
    ║                                                                         ║
    ║     npx playwright install                                              ║
    ║                                                                         ║
    ║ <3 Playwright Team                                                      ║
    ╚═════════════════════════════════════════════════════════════════════════╝
]]>
</failure>
</testcase>
<testcase name="Form Performance › form handles large datasets efficiently" classname="Forms.test.ts" time="0.002">
<failure message="Forms.test.ts:134:3 form handles large datasets efficiently" type="FAILURE">
<![CDATA[  [Mobile Chrome] › Forms.test.ts:134:3 › Form Performance › form handles large datasets efficiently 

    Error: browserType.launch: Executable doesn't exist at /Users/tarunrama/Library/Caches/ms-playwright/chromium_headless_shell-1179/chrome-mac/headless_shell
    ╔═════════════════════════════════════════════════════════════════════════╗
    ║ Looks like Playwright Test or Playwright was just installed or updated. ║
    ║ Please run the following command to download new browsers:              ║
    ║                                                                         ║
    ║     npx playwright install                                              ║
    ║                                                                         ║
    ║ <3 Playwright Team                                                      ║
    ╚═════════════════════════════════════════════════════════════════════════╝
]]>
</failure>
</testcase>
</testsuite>
<testsuite name="Layout.test.ts" timestamp="2025-07-17T12:25:54.326Z" hostname="Mobile Chrome" tests="7" failures="7" skipped="0" time="0.022" errors="0">
<testcase name="Layout Performance › layout components load quickly" classname="Layout.test.ts" time="0.004">
<failure message="Layout.test.ts:8:3 layout components load quickly" type="FAILURE">
<![CDATA[  [Mobile Chrome] › Layout.test.ts:8:3 › Layout Performance › layout components load quickly ───────

    Error: browserType.launch: Executable doesn't exist at /Users/tarunrama/Library/Caches/ms-playwright/chromium_headless_shell-1179/chrome-mac/headless_shell
    ╔═════════════════════════════════════════════════════════════════════════╗
    ║ Looks like Playwright Test or Playwright was just installed or updated. ║
    ║ Please run the following command to download new browsers:              ║
    ║                                                                         ║
    ║     npx playwright install                                              ║
    ║                                                                         ║
    ║ <3 Playwright Team                                                      ║
    ╚═════════════════════════════════════════════════════════════════════════╝
]]>
</failure>
</testcase>
<testcase name="Layout Performance › layout is responsive across breakpoints" classname="Layout.test.ts" time="0.005">
<failure message="Layout.test.ts:23:3 layout is responsive across breakpoints" type="FAILURE">
<![CDATA[  [Mobile Chrome] › Layout.test.ts:23:3 › Layout Performance › layout is responsive across breakpoints 

    Error: browserType.launch: Executable doesn't exist at /Users/tarunrama/Library/Caches/ms-playwright/chromium_headless_shell-1179/chrome-mac/headless_shell
    ╔═════════════════════════════════════════════════════════════════════════╗
    ║ Looks like Playwright Test or Playwright was just installed or updated. ║
    ║ Please run the following command to download new browsers:              ║
    ║                                                                         ║
    ║     npx playwright install                                              ║
    ║                                                                         ║
    ║ <3 Playwright Team                                                      ║
    ╚═════════════════════════════════════════════════════════════════════════╝
]]>
</failure>
</testcase>
<testcase name="Layout Performance › sidebar transitions smoothly" classname="Layout.test.ts" time="0.003">
<failure message="Layout.test.ts:46:3 sidebar transitions smoothly" type="FAILURE">
<![CDATA[  [Mobile Chrome] › Layout.test.ts:46:3 › Layout Performance › sidebar transitions smoothly ────────

    Error: browserType.launch: Executable doesn't exist at /Users/tarunrama/Library/Caches/ms-playwright/chromium_headless_shell-1179/chrome-mac/headless_shell
    ╔═════════════════════════════════════════════════════════════════════════╗
    ║ Looks like Playwright Test or Playwright was just installed or updated. ║
    ║ Please run the following command to download new browsers:              ║
    ║                                                                         ║
    ║     npx playwright install                                              ║
    ║                                                                         ║
    ║ <3 Playwright Team                                                      ║
    ╚═════════════════════════════════════════════════════════════════════════╝
]]>
</failure>
</testcase>
<testcase name="Layout Performance › header components are efficient" classname="Layout.test.ts" time="0.002">
<failure message="Layout.test.ts:65:3 header components are efficient" type="FAILURE">
<![CDATA[  [Mobile Chrome] › Layout.test.ts:65:3 › Layout Performance › header components are efficient ─────

    Error: browserType.launch: Executable doesn't exist at /Users/tarunrama/Library/Caches/ms-playwright/chromium_headless_shell-1179/chrome-mac/headless_shell
    ╔═════════════════════════════════════════════════════════════════════════╗
    ║ Looks like Playwright Test or Playwright was just installed or updated. ║
    ║ Please run the following command to download new browsers:              ║
    ║                                                                         ║
    ║     npx playwright install                                              ║
    ║                                                                         ║
    ║ <3 Playwright Team                                                      ║
    ╚═════════════════════════════════════════════════════════════════════════╝
]]>
</failure>
</testcase>
<testcase name="Layout Performance › footer loads lazily" classname="Layout.test.ts" time="0.002">
<failure message="Layout.test.ts:82:3 footer loads lazily" type="FAILURE">
<![CDATA[  [Mobile Chrome] › Layout.test.ts:82:3 › Layout Performance › footer loads lazily ─────────────────

    Error: browserType.launch: Executable doesn't exist at /Users/tarunrama/Library/Caches/ms-playwright/chromium_headless_shell-1179/chrome-mac/headless_shell
    ╔═════════════════════════════════════════════════════════════════════════╗
    ║ Looks like Playwright Test or Playwright was just installed or updated. ║
    ║ Please run the following command to download new browsers:              ║
    ║                                                                         ║
    ║     npx playwright install                                              ║
    ║                                                                         ║
    ║ <3 Playwright Team                                                      ║
    ╚═════════════════════════════════════════════════════════════════════════╝
]]>
</failure>
</testcase>
<testcase name="Layout Performance › theme switching is performant" classname="Layout.test.ts" time="0.002">
<failure message="Layout.test.ts:97:3 theme switching is performant" type="FAILURE">
<![CDATA[  [Mobile Chrome] › Layout.test.ts:97:3 › Layout Performance › theme switching is performant ───────

    Error: browserType.launch: Executable doesn't exist at /Users/tarunrama/Library/Caches/ms-playwright/chromium_headless_shell-1179/chrome-mac/headless_shell
    ╔═════════════════════════════════════════════════════════════════════════╗
    ║ Looks like Playwright Test or Playwright was just installed or updated. ║
    ║ Please run the following command to download new browsers:              ║
    ║                                                                         ║
    ║     npx playwright install                                              ║
    ║                                                                         ║
    ║ <3 Playwright Team                                                      ║
    ╚═════════════════════════════════════════════════════════════════════════╝
]]>
</failure>
</testcase>
<testcase name="Layout Performance › layout handles dynamic content updates" classname="Layout.test.ts" time="0.004">
<failure message="Layout.test.ts:115:3 layout handles dynamic content updates" type="FAILURE">
<![CDATA[  [Mobile Chrome] › Layout.test.ts:115:3 › Layout Performance › layout handles dynamic content updates 

    Error: browserType.launch: Executable doesn't exist at /Users/tarunrama/Library/Caches/ms-playwright/chromium_headless_shell-1179/chrome-mac/headless_shell
    ╔═════════════════════════════════════════════════════════════════════════╗
    ║ Looks like Playwright Test or Playwright was just installed or updated. ║
    ║ Please run the following command to download new browsers:              ║
    ║                                                                         ║
    ║     npx playwright install                                              ║
    ║                                                                         ║
    ║ <3 Playwright Team                                                      ║
    ╚═════════════════════════════════════════════════════════════════════════╝
]]>
</failure>
</testcase>
</testsuite>
<testsuite name="Navigation.test.ts" timestamp="2025-07-17T12:25:54.326Z" hostname="Mobile Chrome" tests="4" failures="4" skipped="0" time="0.011" errors="0">
<testcase name="Navigation Performance › navigation menu loads quickly" classname="Navigation.test.ts" time="0.003">
<failure message="Navigation.test.ts:8:3 navigation menu loads quickly" type="FAILURE">
<![CDATA[  [Mobile Chrome] › Navigation.test.ts:8:3 › Navigation Performance › navigation menu loads quickly 

    Error: browserType.launch: Executable doesn't exist at /Users/tarunrama/Library/Caches/ms-playwright/chromium_headless_shell-1179/chrome-mac/headless_shell
    ╔═════════════════════════════════════════════════════════════════════════╗
    ║ Looks like Playwright Test or Playwright was just installed or updated. ║
    ║ Please run the following command to download new browsers:              ║
    ║                                                                         ║
    ║     npx playwright install                                              ║
    ║                                                                         ║
    ║ <3 Playwright Team                                                      ║
    ╚═════════════════════════════════════════════════════════════════════════╝
]]>
</failure>
</testcase>
<testcase name="Navigation Performance › dropdown menus open smoothly" classname="Navigation.test.ts" time="0.004">
<failure message="Navigation.test.ts:15:3 dropdown menus open smoothly" type="FAILURE">
<![CDATA[  [Mobile Chrome] › Navigation.test.ts:15:3 › Navigation Performance › dropdown menus open smoothly 

    Error: browserType.launch: Executable doesn't exist at /Users/tarunrama/Library/Caches/ms-playwright/chromium_headless_shell-1179/chrome-mac/headless_shell
    ╔═════════════════════════════════════════════════════════════════════════╗
    ║ Looks like Playwright Test or Playwright was just installed or updated. ║
    ║ Please run the following command to download new browsers:              ║
    ║                                                                         ║
    ║     npx playwright install                                              ║
    ║                                                                         ║
    ║ <3 Playwright Team                                                      ║
    ╚═════════════════════════════════════════════════════════════════════════╝
]]>
</failure>
</testcase>
<testcase name="Navigation Performance › mobile menu toggle is responsive" classname="Navigation.test.ts" time="0.003">
<failure message="Navigation.test.ts:33:3 mobile menu toggle is responsive" type="FAILURE">
<![CDATA[  [Mobile Chrome] › Navigation.test.ts:33:3 › Navigation Performance › mobile menu toggle is responsive 

    Error: browserType.launch: Executable doesn't exist at /Users/tarunrama/Library/Caches/ms-playwright/chromium_headless_shell-1179/chrome-mac/headless_shell
    ╔═════════════════════════════════════════════════════════════════════════╗
    ║ Looks like Playwright Test or Playwright was just installed or updated. ║
    ║ Please run the following command to download new browsers:              ║
    ║                                                                         ║
    ║     npx playwright install                                              ║
    ║                                                                         ║
    ║ <3 Playwright Team                                                      ║
    ╚═════════════════════════════════════════════════════════════════════════╝
]]>
</failure>
</testcase>
<testcase name="Navigation Performance › navigation is accessible" classname="Navigation.test.ts" time="0.001">
<failure message="Navigation.test.ts:54:3 navigation is accessible" type="FAILURE">
<![CDATA[  [Mobile Chrome] › Navigation.test.ts:54:3 › Navigation Performance › navigation is accessible ────

    Error: browserType.launch: Executable doesn't exist at /Users/tarunrama/Library/Caches/ms-playwright/chromium_headless_shell-1179/chrome-mac/headless_shell
    ╔═════════════════════════════════════════════════════════════════════════╗
    ║ Looks like Playwright Test or Playwright was just installed or updated. ║
    ║ Please run the following command to download new browsers:              ║
    ║                                                                         ║
    ║     npx playwright install                                              ║
    ║                                                                         ║
    ║ <3 Playwright Team                                                      ║
    ╚═════════════════════════════════════════════════════════════════════════╝
]]>
</failure>
</testcase>
</testsuite>
<testsuite name="Search.test.ts" timestamp="2025-07-17T12:25:54.326Z" hostname="Mobile Chrome" tests="5" failures="5" skipped="0" time="0.011" errors="0">
<testcase name="Search Performance › search input responds quickly" classname="Search.test.ts" time="0.003">
<failure message="Search.test.ts:8:3 search input responds quickly" type="FAILURE">
<![CDATA[  [Mobile Chrome] › Search.test.ts:8:3 › Search Performance › search input responds quickly ────────

    Error: browserType.launch: Executable doesn't exist at /Users/tarunrama/Library/Caches/ms-playwright/chromium_headless_shell-1179/chrome-mac/headless_shell
    ╔═════════════════════════════════════════════════════════════════════════╗
    ║ Looks like Playwright Test or Playwright was just installed or updated. ║
    ║ Please run the following command to download new browsers:              ║
    ║                                                                         ║
    ║     npx playwright install                                              ║
    ║                                                                         ║
    ║ <3 Playwright Team                                                      ║
    ╚═════════════════════════════════════════════════════════════════════════╝
]]>
</failure>
</testcase>
<testcase name="Search Performance › search suggestions appear promptly" classname="Search.test.ts" time="0.002">
<failure message="Search.test.ts:18:3 search suggestions appear promptly" type="FAILURE">
<![CDATA[  [Mobile Chrome] › Search.test.ts:18:3 › Search Performance › search suggestions appear promptly ──

    Error: browserType.launch: Executable doesn't exist at /Users/tarunrama/Library/Caches/ms-playwright/chromium_headless_shell-1179/chrome-mac/headless_shell
    ╔═════════════════════════════════════════════════════════════════════════╗
    ║ Looks like Playwright Test or Playwright was just installed or updated. ║
    ║ Please run the following command to download new browsers:              ║
    ║                                                                         ║
    ║     npx playwright install                                              ║
    ║                                                                         ║
    ║ <3 Playwright Team                                                      ║
    ╚═════════════════════════════════════════════════════════════════════════╝
]]>
</failure>
</testcase>
<testcase name="Search Performance › search results load efficiently" classname="Search.test.ts" time="0.004">
<failure message="Search.test.ts:37:3 search results load efficiently" type="FAILURE">
<![CDATA[  [Mobile Chrome] › Search.test.ts:37:3 › Search Performance › search results load efficiently ─────

    Error: browserType.launch: Executable doesn't exist at /Users/tarunrama/Library/Caches/ms-playwright/chromium_headless_shell-1179/chrome-mac/headless_shell
    ╔═════════════════════════════════════════════════════════════════════════╗
    ║ Looks like Playwright Test or Playwright was just installed or updated. ║
    ║ Please run the following command to download new browsers:              ║
    ║                                                                         ║
    ║     npx playwright install                                              ║
    ║                                                                         ║
    ║ <3 Playwright Team                                                      ║
    ╚═════════════════════════════════════════════════════════════════════════╝
]]>
</failure>
</testcase>
<testcase name="Search Performance › search filters apply quickly" classname="Search.test.ts" time="0.001">
<failure message="Search.test.ts:57:3 search filters apply quickly" type="FAILURE">
<![CDATA[  [Mobile Chrome] › Search.test.ts:57:3 › Search Performance › search filters apply quickly ────────

    Error: browserType.launch: Executable doesn't exist at /Users/tarunrama/Library/Caches/ms-playwright/chromium_headless_shell-1179/chrome-mac/headless_shell
    ╔═════════════════════════════════════════════════════════════════════════╗
    ║ Looks like Playwright Test or Playwright was just installed or updated. ║
    ║ Please run the following command to download new browsers:              ║
    ║                                                                         ║
    ║     npx playwright install                                              ║
    ║                                                                         ║
    ║ <3 Playwright Team                                                      ║
    ╚═════════════════════════════════════════════════════════════════════════╝
]]>
</failure>
</testcase>
<testcase name="Search Performance › search is keyboard accessible" classname="Search.test.ts" time="0.001">
<failure message="Search.test.ts:73:3 search is keyboard accessible" type="FAILURE">
<![CDATA[  [Mobile Chrome] › Search.test.ts:73:3 › Search Performance › search is keyboard accessible ───────

    Error: browserType.launch: Executable doesn't exist at /Users/tarunrama/Library/Caches/ms-playwright/chromium_headless_shell-1179/chrome-mac/headless_shell
    ╔═════════════════════════════════════════════════════════════════════════╗
    ║ Looks like Playwright Test or Playwright was just installed or updated. ║
    ║ Please run the following command to download new browsers:              ║
    ║                                                                         ║
    ║     npx playwright install                                              ║
    ║                                                                         ║
    ║ <3 Playwright Team                                                      ║
    ╚═════════════════════════════════════════════════════════════════════════╝
]]>
</failure>
</testcase>
</testsuite>
<testsuite name="SecurityFeatures.test.ts" timestamp="2025-07-17T12:25:54.326Z" hostname="Mobile Chrome" tests="6" failures="6" skipped="0" time="0.021" errors="0">
<testcase name="Security Features Performance › authentication flow is responsive" classname="SecurityFeatures.test.ts" time="0.003">
<failure message="SecurityFeatures.test.ts:13:3 authentication flow is responsive" type="FAILURE">
<![CDATA[  [Mobile Chrome] › SecurityFeatures.test.ts:13:3 › Security Features Performance › authentication flow is responsive 

    Error: browserType.launch: Executable doesn't exist at /Users/tarunrama/Library/Caches/ms-playwright/chromium_headless_shell-1179/chrome-mac/headless_shell
    ╔═════════════════════════════════════════════════════════════════════════╗
    ║ Looks like Playwright Test or Playwright was just installed or updated. ║
    ║ Please run the following command to download new browsers:              ║
    ║                                                                         ║
    ║     npx playwright install                                              ║
    ║                                                                         ║
    ║ <3 Playwright Team                                                      ║
    ╚═════════════════════════════════════════════════════════════════════════╝
]]>
</failure>
</testcase>
<testcase name="Security Features Performance › wallet connection is efficient" classname="SecurityFeatures.test.ts" time="0.004">
<failure message="SecurityFeatures.test.ts:34:3 wallet connection is efficient" type="FAILURE">
<![CDATA[  [Mobile Chrome] › SecurityFeatures.test.ts:34:3 › Security Features Performance › wallet connection is efficient 

    Error: browserType.launch: Executable doesn't exist at /Users/tarunrama/Library/Caches/ms-playwright/chromium_headless_shell-1179/chrome-mac/headless_shell
    ╔═════════════════════════════════════════════════════════════════════════╗
    ║ Looks like Playwright Test or Playwright was just installed or updated. ║
    ║ Please run the following command to download new browsers:              ║
    ║                                                                         ║
    ║     npx playwright install                                              ║
    ║                                                                         ║
    ║ <3 Playwright Team                                                      ║
    ╚═════════════════════════════════════════════════════════════════════════╝
]]>
</failure>
</testcase>
<testcase name="Security Features Performance › transaction signing is non-blocking" classname="SecurityFeatures.test.ts" time="0.004">
<failure message="SecurityFeatures.test.ts:49:3 transaction signing is non-blocking" type="FAILURE">
<![CDATA[  [Mobile Chrome] › SecurityFeatures.test.ts:49:3 › Security Features Performance › transaction signing is non-blocking 

    Error: browserType.launch: Executable doesn't exist at /Users/tarunrama/Library/Caches/ms-playwright/chromium_headless_shell-1179/chrome-mac/headless_shell
    ╔═════════════════════════════════════════════════════════════════════════╗
    ║ Looks like Playwright Test or Playwright was just installed or updated. ║
    ║ Please run the following command to download new browsers:              ║
    ║                                                                         ║
    ║     npx playwright install                                              ║
    ║                                                                         ║
    ║ <3 Playwright Team                                                      ║
    ╚═════════════════════════════════════════════════════════════════════════╝
]]>
</failure>
</testcase>
<testcase name="Security Features Performance › authorization checks are cached" classname="SecurityFeatures.test.ts" time="0.002">
<failure message="SecurityFeatures.test.ts:79:3 authorization checks are cached" type="FAILURE">
<![CDATA[  [Mobile Chrome] › SecurityFeatures.test.ts:79:3 › Security Features Performance › authorization checks are cached 

    Error: browserType.launch: Executable doesn't exist at /Users/tarunrama/Library/Caches/ms-playwright/chromium_headless_shell-1179/chrome-mac/headless_shell
    ╔═════════════════════════════════════════════════════════════════════════╗
    ║ Looks like Playwright Test or Playwright was just installed or updated. ║
    ║ Please run the following command to download new browsers:              ║
    ║                                                                         ║
    ║     npx playwright install                                              ║
    ║                                                                         ║
    ║ <3 Playwright Team                                                      ║
    ╚═════════════════════════════════════════════════════════════════════════╝
]]>
</failure>
</testcase>
<testcase name="Security Features Performance › security settings updates are responsive" classname="SecurityFeatures.test.ts" time="0.003">
<failure message="SecurityFeatures.test.ts:96:3 security settings updates are responsive" type="FAILURE">
<![CDATA[  [Mobile Chrome] › SecurityFeatures.test.ts:96:3 › Security Features Performance › security settings updates are responsive 

    Error: browserType.launch: Executable doesn't exist at /Users/tarunrama/Library/Caches/ms-playwright/chromium_headless_shell-1179/chrome-mac/headless_shell
    ╔═════════════════════════════════════════════════════════════════════════╗
    ║ Looks like Playwright Test or Playwright was just installed or updated. ║
    ║ Please run the following command to download new browsers:              ║
    ║                                                                         ║
    ║     npx playwright install                                              ║
    ║                                                                         ║
    ║ <3 Playwright Team                                                      ║
    ╚═════════════════════════════════════════════════════════════════════════╝
]]>
</failure>
</testcase>
<testcase name="Security Features Performance › audit log loads efficiently" classname="SecurityFeatures.test.ts" time="0.005">
<failure message="SecurityFeatures.test.ts:115:3 audit log loads efficiently" type="FAILURE">
<![CDATA[  [Mobile Chrome] › SecurityFeatures.test.ts:115:3 › Security Features Performance › audit log loads efficiently 

    Error: browserType.launch: Executable doesn't exist at /Users/tarunrama/Library/Caches/ms-playwright/chromium_headless_shell-1179/chrome-mac/headless_shell
    ╔═════════════════════════════════════════════════════════════════════════╗
    ║ Looks like Playwright Test or Playwright was just installed or updated. ║
    ║ Please run the following command to download new browsers:              ║
    ║                                                                         ║
    ║     npx playwright install                                              ║
    ║                                                                         ║
    ║ <3 Playwright Team                                                      ║
    ╚═════════════════════════════════════════════════════════════════════════╝
]]>
</failure>
</testcase>
</testsuite>
<testsuite name="UserDashboard.test.ts" timestamp="2025-07-17T12:25:54.326Z" hostname="Mobile Chrome" tests="6" failures="6" skipped="0" time="0.015" errors="0">
<testcase name="User Dashboard Performance › dashboard loads quickly" classname="UserDashboard.test.ts" time="0.003">
<failure message="UserDashboard.test.ts:13:3 dashboard loads quickly" type="FAILURE">
<![CDATA[  [Mobile Chrome] › UserDashboard.test.ts:13:3 › User Dashboard Performance › dashboard loads quickly 

    Error: browserType.launch: Executable doesn't exist at /Users/tarunrama/Library/Caches/ms-playwright/chromium_headless_shell-1179/chrome-mac/headless_shell
    ╔═════════════════════════════════════════════════════════════════════════╗
    ║ Looks like Playwright Test or Playwright was just installed or updated. ║
    ║ Please run the following command to download new browsers:              ║
    ║                                                                         ║
    ║     npx playwright install                                              ║
    ║                                                                         ║
    ║ <3 Playwright Team                                                      ║
    ╚═════════════════════════════════════════════════════════════════════════╝
]]>
</failure>
</testcase>
<testcase name="User Dashboard Performance › data visualizations render efficiently" classname="UserDashboard.test.ts" time="0.004">
<failure message="UserDashboard.test.ts:20:3 data visualizations render efficiently" type="FAILURE">
<![CDATA[  [Mobile Chrome] › UserDashboard.test.ts:20:3 › User Dashboard Performance › data visualizations render efficiently 

    Error: browserType.launch: Executable doesn't exist at /Users/tarunrama/Library/Caches/ms-playwright/chromium_headless_shell-1179/chrome-mac/headless_shell
    ╔═════════════════════════════════════════════════════════════════════════╗
    ║ Looks like Playwright Test or Playwright was just installed or updated. ║
    ║ Please run the following command to download new browsers:              ║
    ║                                                                         ║
    ║     npx playwright install                                              ║
    ║                                                                         ║
    ║ <3 Playwright Team                                                      ║
    ╚═════════════════════════════════════════════════════════════════════════╝
]]>
</failure>
</testcase>
<testcase name="User Dashboard Performance › transaction history loads with pagination" classname="UserDashboard.test.ts" time="0.002">
<failure message="UserDashboard.test.ts:38:3 transaction history loads with pagination" type="FAILURE">
<![CDATA[  [Mobile Chrome] › UserDashboard.test.ts:38:3 › User Dashboard Performance › transaction history loads with pagination 

    Error: browserType.launch: Executable doesn't exist at /Users/tarunrama/Library/Caches/ms-playwright/chromium_headless_shell-1179/chrome-mac/headless_shell
    ╔═════════════════════════════════════════════════════════════════════════╗
    ║ Looks like Playwright Test or Playwright was just installed or updated. ║
    ║ Please run the following command to download new browsers:              ║
    ║                                                                         ║
    ║     npx playwright install                                              ║
    ║                                                                         ║
    ║ <3 Playwright Team                                                      ║
    ╚═════════════════════════════════════════════════════════════════════════╝
]]>
</failure>
</testcase>
<testcase name="User Dashboard Performance › notification center updates in real-time" classname="UserDashboard.test.ts" time="0.003">
<failure message="UserDashboard.test.ts:61:3 notification center updates in real-time" type="FAILURE">
<![CDATA[  [Mobile Chrome] › UserDashboard.test.ts:61:3 › User Dashboard Performance › notification center updates in real-time 

    Error: browserType.launch: Executable doesn't exist at /Users/tarunrama/Library/Caches/ms-playwright/chromium_headless_shell-1179/chrome-mac/headless_shell
    ╔═════════════════════════════════════════════════════════════════════════╗
    ║ Looks like Playwright Test or Playwright was just installed or updated. ║
    ║ Please run the following command to download new browsers:              ║
    ║                                                                         ║
    ║     npx playwright install                                              ║
    ║                                                                         ║
    ║ <3 Playwright Team                                                      ║
    ╚═════════════════════════════════════════════════════════════════════════╝
]]>
</failure>
</testcase>
<testcase name="User Dashboard Performance › account settings form responds quickly" classname="UserDashboard.test.ts" time="0.002">
<failure message="UserDashboard.test.ts:82:3 account settings form responds quickly" type="FAILURE">
<![CDATA[  [Mobile Chrome] › UserDashboard.test.ts:82:3 › User Dashboard Performance › account settings form responds quickly 

    Error: browserType.launch: Executable doesn't exist at /Users/tarunrama/Library/Caches/ms-playwright/chromium_headless_shell-1179/chrome-mac/headless_shell
    ╔═════════════════════════════════════════════════════════════════════════╗
    ║ Looks like Playwright Test or Playwright was just installed or updated. ║
    ║ Please run the following command to download new browsers:              ║
    ║                                                                         ║
    ║     npx playwright install                                              ║
    ║                                                                         ║
    ║ <3 Playwright Team                                                      ║
    ╚═════════════════════════════════════════════════════════════════════════╝
]]>
</failure>
</testcase>
<testcase name="User Dashboard Performance › dashboard is responsive on mobile" classname="UserDashboard.test.ts" time="0.001">
<failure message="UserDashboard.test.ts:100:3 dashboard is responsive on mobile" type="FAILURE">
<![CDATA[  [Mobile Chrome] › UserDashboard.test.ts:100:3 › User Dashboard Performance › dashboard is responsive on mobile 

    Error: browserType.launch: Executable doesn't exist at /Users/tarunrama/Library/Caches/ms-playwright/chromium_headless_shell-1179/chrome-mac/headless_shell
    ╔═════════════════════════════════════════════════════════════════════════╗
    ║ Looks like Playwright Test or Playwright was just installed or updated. ║
    ║ Please run the following command to download new browsers:              ║
    ║                                                                         ║
    ║     npx playwright install                                              ║
    ║                                                                         ║
    ║ <3 Playwright Team                                                      ║
    ╚═════════════════════════════════════════════════════════════════════════╝
]]>
</failure>
</testcase>
</testsuite>
<testsuite name="Forms.test.ts" timestamp="2025-07-17T12:25:54.326Z" hostname="Mobile Safari" tests="7" failures="7" skipped="0" time="0.019" errors="0">
<testcase name="Form Performance › form components load efficiently" classname="Forms.test.ts" time="0.002">
<failure message="Forms.test.ts:8:3 form components load efficiently" type="FAILURE">
<![CDATA[  [Mobile Safari] › Forms.test.ts:8:3 › Form Performance › form components load efficiently ────────

    Error: browserType.launch: Executable doesn't exist at /Users/tarunrama/Library/Caches/ms-playwright/webkit-2182/pw_run.sh
    ╔═════════════════════════════════════════════════════════════════════════╗
    ║ Looks like Playwright Test or Playwright was just installed or updated. ║
    ║ Please run the following command to download new browsers:              ║
    ║                                                                         ║
    ║     npx playwright install                                              ║
    ║                                                                         ║
    ║ <3 Playwright Team                                                      ║
    ╚═════════════════════════════════════════════════════════════════════════╝
]]>
</failure>
</testcase>
<testcase name="Form Performance › input validation is responsive" classname="Forms.test.ts" time="0.003">
<failure message="Forms.test.ts:23:3 input validation is responsive" type="FAILURE">
<![CDATA[  [Mobile Safari] › Forms.test.ts:23:3 › Form Performance › input validation is responsive ─────────

    Error: browserType.launch: Executable doesn't exist at /Users/tarunrama/Library/Caches/ms-playwright/webkit-2182/pw_run.sh
    ╔═════════════════════════════════════════════════════════════════════════╗
    ║ Looks like Playwright Test or Playwright was just installed or updated. ║
    ║ Please run the following command to download new browsers:              ║
    ║                                                                         ║
    ║     npx playwright install                                              ║
    ║                                                                         ║
    ║ <3 Playwright Team                                                      ║
    ╚═════════════════════════════════════════════════════════════════════════╝
]]>
</failure>
</testcase>
<testcase name="Form Performance › form submission is non-blocking" classname="Forms.test.ts" time="0.003">
<failure message="Forms.test.ts:41:3 form submission is non-blocking" type="FAILURE">
<![CDATA[  [Mobile Safari] › Forms.test.ts:41:3 › Form Performance › form submission is non-blocking ────────

    Error: browserType.launch: Executable doesn't exist at /Users/tarunrama/Library/Caches/ms-playwright/webkit-2182/pw_run.sh
    ╔═════════════════════════════════════════════════════════════════════════╗
    ║ Looks like Playwright Test or Playwright was just installed or updated. ║
    ║ Please run the following command to download new browsers:              ║
    ║                                                                         ║
    ║     npx playwright install                                              ║
    ║                                                                         ║
    ║ <3 Playwright Team                                                      ║
    ╚═════════════════════════════════════════════════════════════════════════╝
]]>
</failure>
</testcase>
<testcase name="Form Performance › form controls are responsive" classname="Forms.test.ts" time="0.002">
<failure message="Forms.test.ts:72:3 form controls are responsive" type="FAILURE">
<![CDATA[  [Mobile Safari] › Forms.test.ts:72:3 › Form Performance › form controls are responsive ───────────

    Error: browserType.launch: Executable doesn't exist at /Users/tarunrama/Library/Caches/ms-playwright/webkit-2182/pw_run.sh
    ╔═════════════════════════════════════════════════════════════════════════╗
    ║ Looks like Playwright Test or Playwright was just installed or updated. ║
    ║ Please run the following command to download new browsers:              ║
    ║                                                                         ║
    ║     npx playwright install                                              ║
    ║                                                                         ║
    ║ <3 Playwright Team                                                      ║
    ╚═════════════════════════════════════════════════════════════════════════╝
]]>
</failure>
</testcase>
<testcase name="Form Performance › form reset is immediate" classname="Forms.test.ts" time="0.004">
<failure message="Forms.test.ts:97:3 form reset is immediate" type="FAILURE">
<![CDATA[  [Mobile Safari] › Forms.test.ts:97:3 › Form Performance › form reset is immediate ────────────────

    Error: browserType.launch: Executable doesn't exist at /Users/tarunrama/Library/Caches/ms-playwright/webkit-2182/pw_run.sh
    ╔═════════════════════════════════════════════════════════════════════════╗
    ║ Looks like Playwright Test or Playwright was just installed or updated. ║
    ║ Please run the following command to download new browsers:              ║
    ║                                                                         ║
    ║     npx playwright install                                              ║
    ║                                                                         ║
    ║ <3 Playwright Team                                                      ║
    ╚═════════════════════════════════════════════════════════════════════════╝
]]>
</failure>
</testcase>
<testcase name="Form Performance › form validation handles rapid input" classname="Forms.test.ts" time="0.002">
<failure message="Forms.test.ts:116:3 form validation handles rapid input" type="FAILURE">
<![CDATA[  [Mobile Safari] › Forms.test.ts:116:3 › Form Performance › form validation handles rapid input ───

    Error: browserType.launch: Executable doesn't exist at /Users/tarunrama/Library/Caches/ms-playwright/webkit-2182/pw_run.sh
    ╔═════════════════════════════════════════════════════════════════════════╗
    ║ Looks like Playwright Test or Playwright was just installed or updated. ║
    ║ Please run the following command to download new browsers:              ║
    ║                                                                         ║
    ║     npx playwright install                                              ║
    ║                                                                         ║
    ║ <3 Playwright Team                                                      ║
    ╚═════════════════════════════════════════════════════════════════════════╝
]]>
</failure>
</testcase>
<testcase name="Form Performance › form handles large datasets efficiently" classname="Forms.test.ts" time="0.003">
<failure message="Forms.test.ts:134:3 form handles large datasets efficiently" type="FAILURE">
<![CDATA[  [Mobile Safari] › Forms.test.ts:134:3 › Form Performance › form handles large datasets efficiently 

    Error: browserType.launch: Executable doesn't exist at /Users/tarunrama/Library/Caches/ms-playwright/webkit-2182/pw_run.sh
    ╔═════════════════════════════════════════════════════════════════════════╗
    ║ Looks like Playwright Test or Playwright was just installed or updated. ║
    ║ Please run the following command to download new browsers:              ║
    ║                                                                         ║
    ║     npx playwright install                                              ║
    ║                                                                         ║
    ║ <3 Playwright Team                                                      ║
    ╚═════════════════════════════════════════════════════════════════════════╝
]]>
</failure>
</testcase>
</testsuite>
<testsuite name="Layout.test.ts" timestamp="2025-07-17T12:25:54.326Z" hostname="Mobile Safari" tests="7" failures="7" skipped="0" time="0.023" errors="0">
<testcase name="Layout Performance › layout components load quickly" classname="Layout.test.ts" time="0.005">
<failure message="Layout.test.ts:8:3 layout components load quickly" type="FAILURE">
<![CDATA[  [Mobile Safari] › Layout.test.ts:8:3 › Layout Performance › layout components load quickly ───────

    Error: browserType.launch: Executable doesn't exist at /Users/tarunrama/Library/Caches/ms-playwright/webkit-2182/pw_run.sh
    ╔═════════════════════════════════════════════════════════════════════════╗
    ║ Looks like Playwright Test or Playwright was just installed or updated. ║
    ║ Please run the following command to download new browsers:              ║
    ║                                                                         ║
    ║     npx playwright install                                              ║
    ║                                                                         ║
    ║ <3 Playwright Team                                                      ║
    ╚═════════════════════════════════════════════════════════════════════════╝
]]>
</failure>
</testcase>
<testcase name="Layout Performance › layout is responsive across breakpoints" classname="Layout.test.ts" time="0.001">
<failure message="Layout.test.ts:23:3 layout is responsive across breakpoints" type="FAILURE">
<![CDATA[  [Mobile Safari] › Layout.test.ts:23:3 › Layout Performance › layout is responsive across breakpoints 

    Error: browserType.launch: Executable doesn't exist at /Users/tarunrama/Library/Caches/ms-playwright/webkit-2182/pw_run.sh
    ╔═════════════════════════════════════════════════════════════════════════╗
    ║ Looks like Playwright Test or Playwright was just installed or updated. ║
    ║ Please run the following command to download new browsers:              ║
    ║                                                                         ║
    ║     npx playwright install                                              ║
    ║                                                                         ║
    ║ <3 Playwright Team                                                      ║
    ╚═════════════════════════════════════════════════════════════════════════╝
]]>
</failure>
</testcase>
<testcase name="Layout Performance › sidebar transitions smoothly" classname="Layout.test.ts" time="0.003">
<failure message="Layout.test.ts:46:3 sidebar transitions smoothly" type="FAILURE">
<![CDATA[  [Mobile Safari] › Layout.test.ts:46:3 › Layout Performance › sidebar transitions smoothly ────────

    Error: browserType.launch: Executable doesn't exist at /Users/tarunrama/Library/Caches/ms-playwright/webkit-2182/pw_run.sh
    ╔═════════════════════════════════════════════════════════════════════════╗
    ║ Looks like Playwright Test or Playwright was just installed or updated. ║
    ║ Please run the following command to download new browsers:              ║
    ║                                                                         ║
    ║     npx playwright install                                              ║
    ║                                                                         ║
    ║ <3 Playwright Team                                                      ║
    ╚═════════════════════════════════════════════════════════════════════════╝
]]>
</failure>
</testcase>
<testcase name="Layout Performance › header components are efficient" classname="Layout.test.ts" time="0.008">
<failure message="Layout.test.ts:65:3 header components are efficient" type="FAILURE">
<![CDATA[  [Mobile Safari] › Layout.test.ts:65:3 › Layout Performance › header components are efficient ─────

    Error: browserType.launch: Executable doesn't exist at /Users/tarunrama/Library/Caches/ms-playwright/webkit-2182/pw_run.sh
    ╔═════════════════════════════════════════════════════════════════════════╗
    ║ Looks like Playwright Test or Playwright was just installed or updated. ║
    ║ Please run the following command to download new browsers:              ║
    ║                                                                         ║
    ║     npx playwright install                                              ║
    ║                                                                         ║
    ║ <3 Playwright Team                                                      ║
    ╚═════════════════════════════════════════════════════════════════════════╝
]]>
</failure>
</testcase>
<testcase name="Layout Performance › footer loads lazily" classname="Layout.test.ts" time="0.001">
<failure message="Layout.test.ts:82:3 footer loads lazily" type="FAILURE">
<![CDATA[  [Mobile Safari] › Layout.test.ts:82:3 › Layout Performance › footer loads lazily ─────────────────

    Error: browserType.launch: Executable doesn't exist at /Users/tarunrama/Library/Caches/ms-playwright/webkit-2182/pw_run.sh
    ╔═════════════════════════════════════════════════════════════════════════╗
    ║ Looks like Playwright Test or Playwright was just installed or updated. ║
    ║ Please run the following command to download new browsers:              ║
    ║                                                                         ║
    ║     npx playwright install                                              ║
    ║                                                                         ║
    ║ <3 Playwright Team                                                      ║
    ╚═════════════════════════════════════════════════════════════════════════╝
]]>
</failure>
</testcase>
<testcase name="Layout Performance › theme switching is performant" classname="Layout.test.ts" time="0.002">
<failure message="Layout.test.ts:97:3 theme switching is performant" type="FAILURE">
<![CDATA[  [Mobile Safari] › Layout.test.ts:97:3 › Layout Performance › theme switching is performant ───────

    Error: browserType.launch: Executable doesn't exist at /Users/tarunrama/Library/Caches/ms-playwright/webkit-2182/pw_run.sh
    ╔═════════════════════════════════════════════════════════════════════════╗
    ║ Looks like Playwright Test or Playwright was just installed or updated. ║
    ║ Please run the following command to download new browsers:              ║
    ║                                                                         ║
    ║     npx playwright install                                              ║
    ║                                                                         ║
    ║ <3 Playwright Team                                                      ║
    ╚═════════════════════════════════════════════════════════════════════════╝
]]>
</failure>
</testcase>
<testcase name="Layout Performance › layout handles dynamic content updates" classname="Layout.test.ts" time="0.003">
<failure message="Layout.test.ts:115:3 layout handles dynamic content updates" type="FAILURE">
<![CDATA[  [Mobile Safari] › Layout.test.ts:115:3 › Layout Performance › layout handles dynamic content updates 

    Error: browserType.launch: Executable doesn't exist at /Users/tarunrama/Library/Caches/ms-playwright/webkit-2182/pw_run.sh
    ╔═════════════════════════════════════════════════════════════════════════╗
    ║ Looks like Playwright Test or Playwright was just installed or updated. ║
    ║ Please run the following command to download new browsers:              ║
    ║                                                                         ║
    ║     npx playwright install                                              ║
    ║                                                                         ║
    ║ <3 Playwright Team                                                      ║
    ╚═════════════════════════════════════════════════════════════════════════╝
]]>
</failure>
</testcase>
</testsuite>
<testsuite name="Navigation.test.ts" timestamp="2025-07-17T12:25:54.326Z" hostname="Mobile Safari" tests="4" failures="4" skipped="0" time="0.011" errors="0">
<testcase name="Navigation Performance › navigation menu loads quickly" classname="Navigation.test.ts" time="0.002">
<failure message="Navigation.test.ts:8:3 navigation menu loads quickly" type="FAILURE">
<![CDATA[  [Mobile Safari] › Navigation.test.ts:8:3 › Navigation Performance › navigation menu loads quickly 

    Error: browserType.launch: Executable doesn't exist at /Users/tarunrama/Library/Caches/ms-playwright/webkit-2182/pw_run.sh
    ╔═════════════════════════════════════════════════════════════════════════╗
    ║ Looks like Playwright Test or Playwright was just installed or updated. ║
    ║ Please run the following command to download new browsers:              ║
    ║                                                                         ║
    ║     npx playwright install                                              ║
    ║                                                                         ║
    ║ <3 Playwright Team                                                      ║
    ╚═════════════════════════════════════════════════════════════════════════╝
]]>
</failure>
</testcase>
<testcase name="Navigation Performance › dropdown menus open smoothly" classname="Navigation.test.ts" time="0.004">
<failure message="Navigation.test.ts:15:3 dropdown menus open smoothly" type="FAILURE">
<![CDATA[  [Mobile Safari] › Navigation.test.ts:15:3 › Navigation Performance › dropdown menus open smoothly 

    Error: browserType.launch: Executable doesn't exist at /Users/tarunrama/Library/Caches/ms-playwright/webkit-2182/pw_run.sh
    ╔═════════════════════════════════════════════════════════════════════════╗
    ║ Looks like Playwright Test or Playwright was just installed or updated. ║
    ║ Please run the following command to download new browsers:              ║
    ║                                                                         ║
    ║     npx playwright install                                              ║
    ║                                                                         ║
    ║ <3 Playwright Team                                                      ║
    ╚═════════════════════════════════════════════════════════════════════════╝
]]>
</failure>
</testcase>
<testcase name="Navigation Performance › mobile menu toggle is responsive" classname="Navigation.test.ts" time="0.003">
<failure message="Navigation.test.ts:33:3 mobile menu toggle is responsive" type="FAILURE">
<![CDATA[  [Mobile Safari] › Navigation.test.ts:33:3 › Navigation Performance › mobile menu toggle is responsive 

    Error: browserType.launch: Executable doesn't exist at /Users/tarunrama/Library/Caches/ms-playwright/webkit-2182/pw_run.sh
    ╔═════════════════════════════════════════════════════════════════════════╗
    ║ Looks like Playwright Test or Playwright was just installed or updated. ║
    ║ Please run the following command to download new browsers:              ║
    ║                                                                         ║
    ║     npx playwright install                                              ║
    ║                                                                         ║
    ║ <3 Playwright Team                                                      ║
    ╚═════════════════════════════════════════════════════════════════════════╝
]]>
</failure>
</testcase>
<testcase name="Navigation Performance › navigation is accessible" classname="Navigation.test.ts" time="0.002">
<failure message="Navigation.test.ts:54:3 navigation is accessible" type="FAILURE">
<![CDATA[  [Mobile Safari] › Navigation.test.ts:54:3 › Navigation Performance › navigation is accessible ────

    Error: browserType.launch: Executable doesn't exist at /Users/tarunrama/Library/Caches/ms-playwright/webkit-2182/pw_run.sh
    ╔═════════════════════════════════════════════════════════════════════════╗
    ║ Looks like Playwright Test or Playwright was just installed or updated. ║
    ║ Please run the following command to download new browsers:              ║
    ║                                                                         ║
    ║     npx playwright install                                              ║
    ║                                                                         ║
    ║ <3 Playwright Team                                                      ║
    ╚═════════════════════════════════════════════════════════════════════════╝
]]>
</failure>
</testcase>
</testsuite>
<testsuite name="Search.test.ts" timestamp="2025-07-17T12:25:54.326Z" hostname="Mobile Safari" tests="5" failures="5" skipped="0" time="0.008" errors="0">
<testcase name="Search Performance › search input responds quickly" classname="Search.test.ts" time="0.002">
<failure message="Search.test.ts:8:3 search input responds quickly" type="FAILURE">
<![CDATA[  [Mobile Safari] › Search.test.ts:8:3 › Search Performance › search input responds quickly ────────

    Error: browserType.launch: Executable doesn't exist at /Users/tarunrama/Library/Caches/ms-playwright/webkit-2182/pw_run.sh
    ╔═════════════════════════════════════════════════════════════════════════╗
    ║ Looks like Playwright Test or Playwright was just installed or updated. ║
    ║ Please run the following command to download new browsers:              ║
    ║                                                                         ║
    ║     npx playwright install                                              ║
    ║                                                                         ║
    ║ <3 Playwright Team                                                      ║
    ╚═════════════════════════════════════════════════════════════════════════╝
]]>
</failure>
</testcase>
<testcase name="Search Performance › search suggestions appear promptly" classname="Search.test.ts" time="0.001">
<failure message="Search.test.ts:18:3 search suggestions appear promptly" type="FAILURE">
<![CDATA[  [Mobile Safari] › Search.test.ts:18:3 › Search Performance › search suggestions appear promptly ──

    Error: browserType.launch: Executable doesn't exist at /Users/tarunrama/Library/Caches/ms-playwright/webkit-2182/pw_run.sh
    ╔═════════════════════════════════════════════════════════════════════════╗
    ║ Looks like Playwright Test or Playwright was just installed or updated. ║
    ║ Please run the following command to download new browsers:              ║
    ║                                                                         ║
    ║     npx playwright install                                              ║
    ║                                                                         ║
    ║ <3 Playwright Team                                                      ║
    ╚═════════════════════════════════════════════════════════════════════════╝
]]>
</failure>
</testcase>
<testcase name="Search Performance › search results load efficiently" classname="Search.test.ts" time="0.002">
<failure message="Search.test.ts:37:3 search results load efficiently" type="FAILURE">
<![CDATA[  [Mobile Safari] › Search.test.ts:37:3 › Search Performance › search results load efficiently ─────

    Error: browserType.launch: Executable doesn't exist at /Users/tarunrama/Library/Caches/ms-playwright/webkit-2182/pw_run.sh
    ╔═════════════════════════════════════════════════════════════════════════╗
    ║ Looks like Playwright Test or Playwright was just installed or updated. ║
    ║ Please run the following command to download new browsers:              ║
    ║                                                                         ║
    ║     npx playwright install                                              ║
    ║                                                                         ║
    ║ <3 Playwright Team                                                      ║
    ╚═════════════════════════════════════════════════════════════════════════╝
]]>
</failure>
</testcase>
<testcase name="Search Performance › search filters apply quickly" classname="Search.test.ts" time="0.002">
<failure message="Search.test.ts:57:3 search filters apply quickly" type="FAILURE">
<![CDATA[  [Mobile Safari] › Search.test.ts:57:3 › Search Performance › search filters apply quickly ────────

    Error: browserType.launch: Executable doesn't exist at /Users/tarunrama/Library/Caches/ms-playwright/webkit-2182/pw_run.sh
    ╔═════════════════════════════════════════════════════════════════════════╗
    ║ Looks like Playwright Test or Playwright was just installed or updated. ║
    ║ Please run the following command to download new browsers:              ║
    ║                                                                         ║
    ║     npx playwright install                                              ║
    ║                                                                         ║
    ║ <3 Playwright Team                                                      ║
    ╚═════════════════════════════════════════════════════════════════════════╝
]]>
</failure>
</testcase>
<testcase name="Search Performance › search is keyboard accessible" classname="Search.test.ts" time="0.001">
<failure message="Search.test.ts:73:3 search is keyboard accessible" type="FAILURE">
<![CDATA[  [Mobile Safari] › Search.test.ts:73:3 › Search Performance › search is keyboard accessible ───────

    Error: browserType.launch: Executable doesn't exist at /Users/tarunrama/Library/Caches/ms-playwright/webkit-2182/pw_run.sh
    ╔═════════════════════════════════════════════════════════════════════════╗
    ║ Looks like Playwright Test or Playwright was just installed or updated. ║
    ║ Please run the following command to download new browsers:              ║
    ║                                                                         ║
    ║     npx playwright install                                              ║
    ║                                                                         ║
    ║ <3 Playwright Team                                                      ║
    ╚═════════════════════════════════════════════════════════════════════════╝
]]>
</failure>
</testcase>
</testsuite>
<testsuite name="SecurityFeatures.test.ts" timestamp="2025-07-17T12:25:54.326Z" hostname="Mobile Safari" tests="6" failures="6" skipped="0" time="0.013" errors="0">
<testcase name="Security Features Performance › authentication flow is responsive" classname="SecurityFeatures.test.ts" time="0.002">
<failure message="SecurityFeatures.test.ts:13:3 authentication flow is responsive" type="FAILURE">
<![CDATA[  [Mobile Safari] › SecurityFeatures.test.ts:13:3 › Security Features Performance › authentication flow is responsive 

    Error: browserType.launch: Executable doesn't exist at /Users/tarunrama/Library/Caches/ms-playwright/webkit-2182/pw_run.sh
    ╔═════════════════════════════════════════════════════════════════════════╗
    ║ Looks like Playwright Test or Playwright was just installed or updated. ║
    ║ Please run the following command to download new browsers:              ║
    ║                                                                         ║
    ║     npx playwright install                                              ║
    ║                                                                         ║
    ║ <3 Playwright Team                                                      ║
    ╚═════════════════════════════════════════════════════════════════════════╝
]]>
</failure>
</testcase>
<testcase name="Security Features Performance › wallet connection is efficient" classname="SecurityFeatures.test.ts" time="0.002">
<failure message="SecurityFeatures.test.ts:34:3 wallet connection is efficient" type="FAILURE">
<![CDATA[  [Mobile Safari] › SecurityFeatures.test.ts:34:3 › Security Features Performance › wallet connection is efficient 

    Error: browserType.launch: Executable doesn't exist at /Users/tarunrama/Library/Caches/ms-playwright/webkit-2182/pw_run.sh
    ╔═════════════════════════════════════════════════════════════════════════╗
    ║ Looks like Playwright Test or Playwright was just installed or updated. ║
    ║ Please run the following command to download new browsers:              ║
    ║                                                                         ║
    ║     npx playwright install                                              ║
    ║                                                                         ║
    ║ <3 Playwright Team                                                      ║
    ╚═════════════════════════════════════════════════════════════════════════╝
]]>
</failure>
</testcase>
<testcase name="Security Features Performance › transaction signing is non-blocking" classname="SecurityFeatures.test.ts" time="0.002">
<failure message="SecurityFeatures.test.ts:49:3 transaction signing is non-blocking" type="FAILURE">
<![CDATA[  [Mobile Safari] › SecurityFeatures.test.ts:49:3 › Security Features Performance › transaction signing is non-blocking 

    Error: browserType.launch: Executable doesn't exist at /Users/tarunrama/Library/Caches/ms-playwright/webkit-2182/pw_run.sh
    ╔═════════════════════════════════════════════════════════════════════════╗
    ║ Looks like Playwright Test or Playwright was just installed or updated. ║
    ║ Please run the following command to download new browsers:              ║
    ║                                                                         ║
    ║     npx playwright install                                              ║
    ║                                                                         ║
    ║ <3 Playwright Team                                                      ║
    ╚═════════════════════════════════════════════════════════════════════════╝
]]>
</failure>
</testcase>
<testcase name="Security Features Performance › authorization checks are cached" classname="SecurityFeatures.test.ts" time="0.002">
<failure message="SecurityFeatures.test.ts:79:3 authorization checks are cached" type="FAILURE">
<![CDATA[  [Mobile Safari] › SecurityFeatures.test.ts:79:3 › Security Features Performance › authorization checks are cached 

    Error: browserType.launch: Executable doesn't exist at /Users/tarunrama/Library/Caches/ms-playwright/webkit-2182/pw_run.sh
    ╔═════════════════════════════════════════════════════════════════════════╗
    ║ Looks like Playwright Test or Playwright was just installed or updated. ║
    ║ Please run the following command to download new browsers:              ║
    ║                                                                         ║
    ║     npx playwright install                                              ║
    ║                                                                         ║
    ║ <3 Playwright Team                                                      ║
    ╚═════════════════════════════════════════════════════════════════════════╝
]]>
</failure>
</testcase>
<testcase name="Security Features Performance › security settings updates are responsive" classname="SecurityFeatures.test.ts" time="0.002">
<failure message="SecurityFeatures.test.ts:96:3 security settings updates are responsive" type="FAILURE">
<![CDATA[  [Mobile Safari] › SecurityFeatures.test.ts:96:3 › Security Features Performance › security settings updates are responsive 

    Error: browserType.launch: Executable doesn't exist at /Users/tarunrama/Library/Caches/ms-playwright/webkit-2182/pw_run.sh
    ╔═════════════════════════════════════════════════════════════════════════╗
    ║ Looks like Playwright Test or Playwright was just installed or updated. ║
    ║ Please run the following command to download new browsers:              ║
    ║                                                                         ║
    ║     npx playwright install                                              ║
    ║                                                                         ║
    ║ <3 Playwright Team                                                      ║
    ╚═════════════════════════════════════════════════════════════════════════╝
]]>
</failure>
</testcase>
<testcase name="Security Features Performance › audit log loads efficiently" classname="SecurityFeatures.test.ts" time="0.003">
<failure message="SecurityFeatures.test.ts:115:3 audit log loads efficiently" type="FAILURE">
<![CDATA[  [Mobile Safari] › SecurityFeatures.test.ts:115:3 › Security Features Performance › audit log loads efficiently 

    Error: browserType.launch: Executable doesn't exist at /Users/tarunrama/Library/Caches/ms-playwright/webkit-2182/pw_run.sh
    ╔═════════════════════════════════════════════════════════════════════════╗
    ║ Looks like Playwright Test or Playwright was just installed or updated. ║
    ║ Please run the following command to download new browsers:              ║
    ║                                                                         ║
    ║     npx playwright install                                              ║
    ║                                                                         ║
    ║ <3 Playwright Team                                                      ║
    ╚═════════════════════════════════════════════════════════════════════════╝
]]>
</failure>
</testcase>
</testsuite>
<testsuite name="UserDashboard.test.ts" timestamp="2025-07-17T12:25:54.326Z" hostname="Mobile Safari" tests="6" failures="6" skipped="0" time="0.011" errors="0">
<testcase name="User Dashboard Performance › dashboard loads quickly" classname="UserDashboard.test.ts" time="0.002">
<failure message="UserDashboard.test.ts:13:3 dashboard loads quickly" type="FAILURE">
<![CDATA[  [Mobile Safari] › UserDashboard.test.ts:13:3 › User Dashboard Performance › dashboard loads quickly 

    Error: browserType.launch: Executable doesn't exist at /Users/tarunrama/Library/Caches/ms-playwright/webkit-2182/pw_run.sh
    ╔═════════════════════════════════════════════════════════════════════════╗
    ║ Looks like Playwright Test or Playwright was just installed or updated. ║
    ║ Please run the following command to download new browsers:              ║
    ║                                                                         ║
    ║     npx playwright install                                              ║
    ║                                                                         ║
    ║ <3 Playwright Team                                                      ║
    ╚═════════════════════════════════════════════════════════════════════════╝
]]>
</failure>
</testcase>
<testcase name="User Dashboard Performance › data visualizations render efficiently" classname="UserDashboard.test.ts" time="0.002">
<failure message="UserDashboard.test.ts:20:3 data visualizations render efficiently" type="FAILURE">
<![CDATA[  [Mobile Safari] › UserDashboard.test.ts:20:3 › User Dashboard Performance › data visualizations render efficiently 

    Error: browserType.launch: Executable doesn't exist at /Users/tarunrama/Library/Caches/ms-playwright/webkit-2182/pw_run.sh
    ╔═════════════════════════════════════════════════════════════════════════╗
    ║ Looks like Playwright Test or Playwright was just installed or updated. ║
    ║ Please run the following command to download new browsers:              ║
    ║                                                                         ║
    ║     npx playwright install                                              ║
    ║                                                                         ║
    ║ <3 Playwright Team                                                      ║
    ╚═════════════════════════════════════════════════════════════════════════╝
]]>
</failure>
</testcase>
<testcase name="User Dashboard Performance › transaction history loads with pagination" classname="UserDashboard.test.ts" time="0.002">
<failure message="UserDashboard.test.ts:38:3 transaction history loads with pagination" type="FAILURE">
<![CDATA[  [Mobile Safari] › UserDashboard.test.ts:38:3 › User Dashboard Performance › transaction history loads with pagination 

    Error: browserType.launch: Executable doesn't exist at /Users/tarunrama/Library/Caches/ms-playwright/webkit-2182/pw_run.sh
    ╔═════════════════════════════════════════════════════════════════════════╗
    ║ Looks like Playwright Test or Playwright was just installed or updated. ║
    ║ Please run the following command to download new browsers:              ║
    ║                                                                         ║
    ║     npx playwright install                                              ║
    ║                                                                         ║
    ║ <3 Playwright Team                                                      ║
    ╚═════════════════════════════════════════════════════════════════════════╝
]]>
</failure>
</testcase>
<testcase name="User Dashboard Performance › notification center updates in real-time" classname="UserDashboard.test.ts" time="0.001">
<failure message="UserDashboard.test.ts:61:3 notification center updates in real-time" type="FAILURE">
<![CDATA[  [Mobile Safari] › UserDashboard.test.ts:61:3 › User Dashboard Performance › notification center updates in real-time 

    Error: browserType.launch: Executable doesn't exist at /Users/tarunrama/Library/Caches/ms-playwright/webkit-2182/pw_run.sh
    ╔═════════════════════════════════════════════════════════════════════════╗
    ║ Looks like Playwright Test or Playwright was just installed or updated. ║
    ║ Please run the following command to download new browsers:              ║
    ║                                                                         ║
    ║     npx playwright install                                              ║
    ║                                                                         ║
    ║ <3 Playwright Team                                                      ║
    ╚═════════════════════════════════════════════════════════════════════════╝
]]>
</failure>
</testcase>
<testcase name="User Dashboard Performance › account settings form responds quickly" classname="UserDashboard.test.ts" time="0.001">
<failure message="UserDashboard.test.ts:82:3 account settings form responds quickly" type="FAILURE">
<![CDATA[  [Mobile Safari] › UserDashboard.test.ts:82:3 › User Dashboard Performance › account settings form responds quickly 

    Error: browserType.launch: Executable doesn't exist at /Users/tarunrama/Library/Caches/ms-playwright/webkit-2182/pw_run.sh
    ╔═════════════════════════════════════════════════════════════════════════╗
    ║ Looks like Playwright Test or Playwright was just installed or updated. ║
    ║ Please run the following command to download new browsers:              ║
    ║                                                                         ║
    ║     npx playwright install                                              ║
    ║                                                                         ║
    ║ <3 Playwright Team                                                      ║
    ╚═════════════════════════════════════════════════════════════════════════╝
]]>
</failure>
</testcase>
<testcase name="User Dashboard Performance › dashboard is responsive on mobile" classname="UserDashboard.test.ts" time="0.003">
<failure message="UserDashboard.test.ts:100:3 dashboard is responsive on mobile" type="FAILURE">
<![CDATA[  [Mobile Safari] › UserDashboard.test.ts:100:3 › User Dashboard Performance › dashboard is responsive on mobile 

    Error: browserType.launch: Executable doesn't exist at /Users/tarunrama/Library/Caches/ms-playwright/webkit-2182/pw_run.sh
    ╔═════════════════════════════════════════════════════════════════════════╗
    ║ Looks like Playwright Test or Playwright was just installed or updated. ║
    ║ Please run the following command to download new browsers:              ║
    ║                                                                         ║
    ║     npx playwright install                                              ║
    ║                                                                         ║
    ║ <3 Playwright Team                                                      ║
    ╚═════════════════════════════════════════════════════════════════════════╝
]]>
</failure>
</testcase>
</testsuite>
</testsuites>